Archive member included because of file (symbol)

C:\Users\Александр\AppData\Local\Temp\VMBuilds\TestTFTM0\arduino_zero_native\Debug/core.a(cortex_handlers.c.o)
                              (Reset_Handler)
C:\Users\Александр\AppData\Local\Temp\VMBuilds\TestTFTM0\arduino_zero_native\Debug/core.a(delay.c.o)
                              C:\Users\Александр\AppData\Local\Temp\VMBuilds\TestTFTM0\arduino_zero_native\Debug\TestTFTM0.cpp.o (millis)
C:\Users\Александр\AppData\Local\Temp\VMBuilds\TestTFTM0\arduino_zero_native\Debug/core.a(hooks.c.o)
                              C:\Users\Александр\AppData\Local\Temp\VMBuilds\TestTFTM0\arduino_zero_native\Debug/core.a(delay.c.o) (yield)
C:\Users\Александр\AppData\Local\Temp\VMBuilds\TestTFTM0\arduino_zero_native\Debug/core.a(startup.c.o)
                              C:\Users\Александр\AppData\Local\Temp\VMBuilds\TestTFTM0\arduino_zero_native\Debug/core.a(cortex_handlers.c.o) (SystemInit)
C:\Users\Александр\AppData\Local\Temp\VMBuilds\TestTFTM0\arduino_zero_native\Debug/core.a(wiring.c.o)
                              C:\Users\Александр\AppData\Local\Temp\VMBuilds\TestTFTM0\arduino_zero_native\Debug/core.a(startup.c.o) (SystemCoreClock)
C:\Users\Александр\AppData\Local\Temp\VMBuilds\TestTFTM0\arduino_zero_native\Debug/core.a(wiring_analog.c.o)
                              C:\Users\Александр\AppData\Local\Temp\VMBuilds\TestTFTM0\arduino_zero_native\Debug/core.a(wiring.c.o) (analogReference)
C:\Users\Александр\AppData\Local\Temp\VMBuilds\TestTFTM0\arduino_zero_native\Debug/core.a(wiring_digital.c.o)
                              C:\Users\Александр\AppData\Local\Temp\VMBuilds\TestTFTM0\arduino_zero_native\Debug/core.a(wiring.c.o) (pinMode)
C:\Users\Александр\AppData\Local\Temp\VMBuilds\TestTFTM0\arduino_zero_native\Debug/core.a(wiring_private.c.o)
                              C:\Users\Александр\AppData\Local\Temp\VMBuilds\TestTFTM0\arduino_zero_native\Debug/core.a(wiring_analog.c.o) (pinPeripheral)
C:\Users\Александр\AppData\Local\Temp\VMBuilds\TestTFTM0\arduino_zero_native\Debug/core.a(main.cpp.o)
                              c:/users/александр/appdata/local/arduino15/packages/arduino/tools/arm-none-eabi-gcc/4.8.3-2014q1/bin/../lib/gcc/arm-none-eabi/4.8.3/../../../../arm-none-eabi/lib/armv6-m/crt0.o (main)
C:\Users\Александр\AppData\Local\Temp\VMBuilds\TestTFTM0\arduino_zero_native\Debug/core.a(Print.cpp.o)
                              C:\Users\Александр\AppData\Local\Temp\VMBuilds\TestTFTM0\arduino_zero_native\Debug\TestTFTM0.cpp.o (Print::print(char const*))
C:\Users\Александр\AppData\Local\Temp\VMBuilds\TestTFTM0\arduino_zero_native\Debug/core.a(Reset.cpp.o)
                              C:\Users\Александр\AppData\Local\Temp\VMBuilds\TestTFTM0\arduino_zero_native\Debug/core.a(delay.c.o) (tickReset)
C:\Users\Александр\AppData\Local\Temp\VMBuilds\TestTFTM0\arduino_zero_native\Debug/core.a(SERCOM.cpp.o)
                              C:\Users\Александр\AppData\Local\Temp\VMBuilds\TestTFTM0\arduino_zero_native\Debug\variant\variant.cpp.o (SERCOM::SERCOM(Sercom*))
C:\Users\Александр\AppData\Local\Temp\VMBuilds\TestTFTM0\arduino_zero_native\Debug/core.a(Uart.cpp.o)
                              C:\Users\Александр\AppData\Local\Temp\VMBuilds\TestTFTM0\arduino_zero_native\Debug\variant\variant.cpp.o (Uart::Uart(SERCOM*, unsigned char, unsigned char, SercomRXPad, SercomUartTXPad))
C:\Users\Александр\AppData\Local\Temp\VMBuilds\TestTFTM0\arduino_zero_native\Debug/core.a(CDC.cpp.o)
                              C:\Users\Александр\AppData\Local\Temp\VMBuilds\TestTFTM0\arduino_zero_native\Debug\TestTFTM0.cpp.o (Serial_::begin(unsigned long))
C:\Users\Александр\AppData\Local\Temp\VMBuilds\TestTFTM0\arduino_zero_native\Debug/core.a(USBCore.cpp.o)
                              C:\Users\Александр\AppData\Local\Temp\VMBuilds\TestTFTM0\arduino_zero_native\Debug/core.a(main.cpp.o) (USBDeviceClass::init())
C:\Users\Александр\AppData\Local\Temp\VMBuilds\TestTFTM0\arduino_zero_native\Debug/core.a(abi.cpp.o)
                              C:\Users\Александр\AppData\Local\Temp\VMBuilds\TestTFTM0\arduino_zero_native\Debug/core.a(Print.cpp.o) (__cxa_pure_virtual)
C:\Users\Александр\AppData\Local\Temp\VMBuilds\TestTFTM0\arduino_zero_native\Debug/core.a(new.cpp.o)
                              C:\Users\Александр\AppData\Local\Temp\VMBuilds\TestTFTM0\arduino_zero_native\Debug/core.a(USBCore.cpp.o) (operator new(unsigned int))
C:\Users\Александр\AppData\Local\Temp\VMBuilds\TestTFTM0\arduino_zero_native\Debug/core.a(RingBuffer.cpp.o)
                              C:\Users\Александр\AppData\Local\Temp\VMBuilds\TestTFTM0\arduino_zero_native\Debug/core.a(Uart.cpp.o) (RingBuffer::RingBuffer())
C:\Users\Александр\AppData\Local\Temp\VMBuilds\TestTFTM0\arduino_zero_native\Debug/core.a(PluggableUSB.cpp.o)
[...]
Memory Configuration

Name             Origin             Length             Attributes
FLASH            0x00002000         0x0003e000         xr
RAM              0x20000000         0x00008000         xrw
*default*        0x00000000         0xffffffff

Linker script and memory map

LOAD c:/users/александр/appdata/local/arduino15/packages/arduino/tools/arm-none-eabi-gcc/4.8.3-2014q1/bin/../lib/gcc/arm-none-eabi/4.8.3/armv6-m/crti.o
LOAD c:/users/александр/appdata/local/arduino15/packages/arduino/tools/arm-none-eabi-gcc/4.8.3-2014q1/bin/../lib/gcc/arm-none-eabi/4.8.3/armv6-m/crtbegin.o
LOAD c:/users/александр/appdata/local/arduino15/packages/arduino/tools/arm-none-eabi-gcc/4.8.3-2014q1/bin/../lib/gcc/arm-none-eabi/4.8.3/../../../../arm-none-eabi/lib/armv6-m/crt0.o
LOAD C:\Users\Александр\AppData\Local\Temp\VMBuilds\TestTFTM0\arduino_zero_native\Debug\TestTFTM0.cpp.o
LOAD C:\Users\Александр\AppData\Local\Temp\VMBuilds\TestTFTM0\arduino_zero_native\Debug\variant\variant.cpp.o
START GROUP
LOAD C:\Users\Александр\AppData\Local\arduino15\packages\arduino\tools\CMSIS\4.5.0/CMSIS/Lib/GCC/\libarm_cortexM0l_math.a
LOAD c:/users/александр/appdata/local/arduino15/packages/arduino/tools/arm-none-eabi-gcc/4.8.3-2014q1/bin/../lib/gcc/arm-none-eabi/4.8.3/../../../../arm-none-eabi/lib/armv6-m\libm.a
LOAD C:\Users\Александр\AppData\Local\Temp\VMBuilds\TestTFTM0\arduino_zero_native\Debug/core.a
END GROUP
START GROUP
LOAD c:/users/александр/appdata/local/arduino15/packages/arduino/tools/arm-none-eabi-gcc/4.8.3-2014q1/bin/../lib/gcc/arm-none-eabi/4.8.3/armv6-m\libgcc.a
LOAD c:/users/александр/appdata/local/arduino15/packages/arduino/tools/arm-none-eabi-gcc/4.8.3-2014q1/bin/../lib/gcc/arm-none-eabi/4.8.3/../../../../arm-none-eabi/lib/armv6-m\libc_s.a
END GROUP
START GROUP
LOAD c:/users/александр/appdata/local/arduino15/packages/arduino/tools/arm-none-eabi-gcc/4.8.3-2014q1/bin/../lib/gcc/arm-none-eabi/4.8.3/armv6-m\libgcc.a
LOAD c:/users/александр/appdata/local/arduino15/packages/arduino/tools/arm-none-eabi-gcc/4.8.3-2014q1/bin/../lib/gcc/arm-none-eabi/4.8.3/../../../../arm-none-eabi/lib/armv6-m\libc_s.a
LOAD c:/users/александр/appdata/local/arduino15/packages/arduino/tools/arm-none-eabi-gcc/4.8.3-2014q1/bin/../lib/gcc/arm-none-eabi/4.8.3/../../../../arm-none-eabi/lib/armv6-m\libnosys.a
END GROUP
START GROUP
LOAD c:/users/александр/appdata/local/arduino15/packages/arduino/tools/arm-none-eabi-gcc/4.8.3-2014q1/bin/../lib/gcc/arm-none-eabi/4.8.3/armv6-m\libgcc.a
LOAD c:/users/александр/appdata/local/arduino15/packages/arduino/tools/arm-none-eabi-gcc/4.8.3-2014q1/bin/../lib/gcc/arm-none-eabi/4.8.3/../../../../arm-none-eabi/lib/armv6-m\libc_s.a
LOAD c:/users/александр/appdata/local/arduino15/packages/arduino/tools/arm-none-eabi-gcc/4.8.3-2014q1/bin/../lib/gcc/arm-none-eabi/4.8.3/../../../../arm-none-eabi/lib/armv6-m\libnosys.a
END GROUP
LOAD c:/users/александр/appdata/local/arduino15/packages/arduino/tools/arm-none-eabi-gcc/4.8.3-2014q1/bin/../lib/gcc/arm-none-eabi/4.8.3/armv6-m/crtend.o
LOAD c:/users/александр/appdata/local/arduino15/packages/arduino/tools/arm-none-eabi-gcc/4.8.3-2014q1/bin/../lib/gcc/arm-none-eabi/4.8.3/armv6-m/crtn.o

.text           0x00002000     0x2710
                0x00002000                __text_start__ = .
 *(.isr_vector)
 .isr_vector    0x00002000       0xb4 C:\Users\Александр\AppData\Local\Temp\VMBuilds\TestTFTM0\arduino_zero_native\Debug/core.a(cortex_handlers.c.o)
                0x00002000                exception_table
 *(.text*)
 .text          0x000020b4       0x60 c:/users/александр/appdata/local/arduino15/packages/arduino/tools/arm-none-eabi-gcc/4.8.3-2014q1/bin/../lib/gcc/arm-none-eabi/4.8.3/armv6-m/crtbegin.o
 .text._Z7FreeRamv
                0x00002114       0x12 C:\Users\Александр\AppData\Local\Temp\VMBuilds\TestTFTM0\arduino_zero_native\Debug\TestTFTM0.cpp.o
                0x00002114                FreeRam()
 *fill*         0x00002126        0x2 
 .text.setup    0x00002128       0x5c C:\Users\Александр\AppData\Local\Temp\VMBuilds\TestTFTM0\arduino_zero_native\Debug\TestTFTM0.cpp.o
                0x00002128                setup
 .text.loop     0x00002184       0x64 C:\Users\Александр\AppData\Local\Temp\VMBuilds\TestTFTM0\arduino_zero_native\Debug\TestTFTM0.cpp.o
                0x00002184                loop
 .text.SERCOM0_Handler
                0x000021e8       0x10 C:\Users\Александр\AppData\Local\Temp\VMBuilds\TestTFTM0\arduino_zero_native\Debug\variant\variant.cpp.o
                0x000021e8                SERCOM0_Handler
 .text.SERCOM5_Handler
                0x000021f8       0x10 C:\Users\Александр\AppData\Local\Temp\VMBuilds\TestTFTM0\arduino_zero_native\Debug\variant\variant.cpp.o
                0x000021f8                SERCOM5_Handler
 .text.startup._GLOBAL__sub_I_g_APinDescription
                0x00002208       0x94 C:\Users\Александр\AppData\Local\Temp\VMBuilds\TestTFTM0\arduino_zero_native\Debug\variant\variant.cpp.o
 .text.Dummy_Handler
                0x0000229c        0x2 C:\Users\Александр\AppData\Local\Temp\VMBuilds\TestTFTM0\arduino_zero_native\Debug/core.a(cortex_handlers.c.o)
                0x0000229c                DMAC_Handler
                0x0000229c                HardFault_Handler
                0x0000229c                AC_Handler
                0x0000229c                PendSV_Handler
                0x0000229c                NMI_Handler
                0x0000229c                TC7_Handler
                0x0000229c                SERCOM1_Handler
                0x0000229c                ADC_Handler
                0x0000229c                TCC1_Handler
                0x0000229c                SERCOM2_Handler
                0x0000229c                TCC0_Handler
                0x0000229c                RTC_Handler
                0x0000229c                EIC_Handler
                0x0000229c                TC6_Handler
                0x0000229c                WDT_Handler
                0x0000229c                TC4_Handler
                0x0000229c                TC3_Handler
                0x0000229c                Dummy_Handler
                0x0000229c                PM_Handler
                0x0000229c                SVC_Handler
                0x0000229c                TCC2_Handler
                0x0000229c                EVSYS_Handler
                0x0000229c                SERCOM3_Handler
                0x0000229c                SERCOM4_Handler
                0x0000229c                I2S_Handler
                0x0000229c                NVMCTRL_Handler
                0x0000229c                DAC_Handler
                0x0000229c                PTC_Handler
                0x0000229c                SYSCTRL_Handler
 *fill*         0x0000229e        0x2 
 .text.USB_Handler
                0x000022a0       0x14 C:\Users\Александр\AppData\Local\Temp\VMBuilds\TestTFTM0\arduino_zero_native\Debug/core.a(cortex_handlers.c.o)
                0x000022a0                USB_Handler
 .text.Reset_Handler
                0x000022b4       0x54 C:\Users\Александр\AppData\Local\Temp\VMBuilds\TestTFTM0\arduino_zero_native\Debug/core.a(cortex_handlers.c.o)
                0x000022b4                Reset_Handler
 .text.SysTick_Handler
                0x00002308       0x10 C:\Users\Александр\AppData\Local\Temp\VMBuilds\TestTFTM0\arduino_zero_native\Debug/core.a(cortex_handlers.c.o)
                0x00002308                SysTick_Handler
 .text.USB_SetHandler
                0x00002318        0xc C:\Users\Александр\AppData\Local\Temp\VMBuilds\TestTFTM0\arduino_zero_native\Debug/core.a(cortex_handlers.c.o)
                0x00002318                USB_SetHandler
 .text.millis   0x00002324        0xc C:\Users\Александр\AppData\Local\Temp\VMBuilds\TestTFTM0\arduino_zero_native\Debug/core.a(delay.c.o)
                0x00002324                millis
 .text.delay    0x00002330       0x20 C:\Users\Александр\AppData\Local\Temp\VMBuilds\TestTFTM0\arduino_zero_native\Debug/core.a(delay.c.o)
                0x00002330                delay
 .text.SysTick_DefaultHandler
                0x00002350       0x14 C:\Users\Александр\AppData\Local\Temp\VMBuilds\TestTFTM0\arduino_zero_native\Debug/core.a(delay.c.o)
                0x00002350                SysTick_DefaultHandler
 .text.__empty  0x00002364        0x2 C:\Users\Александр\AppData\Local\Temp\VMBuilds\TestTFTM0\arduino_zero_native\Debug/core.a(hooks.c.o)
                0x00002364                yield
 .text.__false  0x00002366        0x4 C:\Users\Александр\AppData\Local\Temp\VMBuilds\TestTFTM0\arduino_zero_native\Debug/core.a(hooks.c.o)
                0x00002366                sysTickHook
 *fill*         0x0000236a        0x2 
 .text.SystemInit
                0x0000236c      0x174 C:\Users\Александр\AppData\Local\Temp\VMBuilds\TestTFTM0\arduino_zero_native\Debug/core.a(startup.c.o)
                0x0000236c                SystemInit
 .text.init     0x000024e0       0xf0 C:\Users\Александр\AppData\Local\Temp\VMBuilds\TestTFTM0\arduino_zero_native\Debug/core.a(wiring.c.o)
                0x000024e0                init
 .text.analogReference
                0x000025d0       0x5c C:\Users\Александр\AppData\Local\Temp\VMBuilds\TestTFTM0\arduino_zero_native\Debug/core.a(wiring_analog.c.o)
                0x000025d0                analogReference
 .text.pinMode  0x0000262c       0xb4 C:\Users\Александр\AppData\Local\Temp\VMBuilds\TestTFTM0\arduino_zero_native\Debug/core.a(wiring_digital.c.o)
                0x0000262c                pinMode
 .text.digitalWrite
                0x000026e0       0x60 C:\Users\Александр\AppData\Local\Temp\VMBuilds\TestTFTM0\arduino_zero_native\Debug/core.a(wiring_digital.c.o)
                0x000026e0                digitalWrite
 .text.pinPeripheral
                0x00002740       0xc4 C:\Users\Александр\AppData\Local\Temp\VMBuilds\TestTFTM0\arduino_zero_native\Debug/core.a(wiring_private.c.o)
                0x00002740                pinPeripheral
 .text._Z11initVariantv
                0x00002804        0x2 C:\Users\Александр\AppData\Local\Temp\VMBuilds\TestTFTM0\arduino_zero_native\Debug/core.a(main.cpp.o)
                0x00002804                initVariant()
 *fill*         0x00002806        0x2 
 .text.startup.main
                0x00002808       0x40 C:\Users\Александр\AppData\Local\Temp\VMBuilds\TestTFTM0\arduino_zero_native\Debug/core.a(main.cpp.o)
                0x00002808                main
 .text._ZN5Print5writeEPKhj
                0x00002848       0x28 C:\Users\Александр\AppData\Local\Temp\VMBuilds\TestTFTM0\arduino_zero_native\Debug/core.a(Print.cpp.o)
                0x00002848                Print::write(unsigned char const*, unsigned int)
 .text._ZN5Print5writeEPKc
                0x00002870       0x1c C:\Users\Александр\AppData\Local\Temp\VMBuilds\TestTFTM0\arduino_zero_native\Debug/core.a(Print.cpp.o)
                0x00002870                Print::write(char const*)
 .text._ZN5Print5printEPKc
                0x0000288c        0x8 C:\Users\Александр\AppData\Local\Temp\VMBuilds\TestTFTM0\arduino_zero_native\Debug/core.a(Print.cpp.o)
                0x0000288c                Print::print(char const*)
 .text._ZN5Print5printEc
                0x00002894        0xa C:\Users\Александр\AppData\Local\Temp\VMBuilds\TestTFTM0\arduino_zero_native\Debug/core.a(Print.cpp.o)
                0x00002894                Print::print(char)
 *fill*         0x0000289e        0x2 
 .text._ZN5Print7printlnEv
                0x000028a0       0x10 C:\Users\Александр\AppData\Local\Temp\VMBuilds\TestTFTM0\arduino_zero_native\Debug/core.a(Print.cpp.o)
                0x000028a0                Print::println()
 .text._ZN5Print7printlnEPKc
                0x000028b0       0x14 C:\Users\Александр\AppData\Local\Temp\VMBuilds\TestTFTM0\arduino_zero_native\Debug/core.a(Print.cpp.o)
                0x000028b0                Print::println(char const*)
 .text._ZN5Print11printNumberEmh
                0x000028c4       0x4e C:\Users\Александр\AppData\Local\Temp\VMBuilds\TestTFTM0\arduino_zero_native\Debug/core.a(Print.cpp.o)
                0x000028c4                Print::printNumber(unsigned long, unsigned char)
 .text._ZN5Print5printEli
                0x00002912       0x3c C:\Users\Александр\AppData\Local\Temp\VMBuilds\TestTFTM0\arduino_zero_native\Debug/core.a(Print.cpp.o)
                0x00002912                Print::print(long, int)
 .text._ZN5Print7printlnEii
                0x0000294e       0x14 C:\Users\Александр\AppData\Local\Temp\VMBuilds\TestTFTM0\arduino_zero_native\Debug/core.a(Print.cpp.o)
                0x0000294e                Print::println(int, int)
 *fill*         0x00002962        0x2 
 .text.initiateReset
                0x00002964        0xc C:\Users\Александр\AppData\Local\Temp\VMBuilds\TestTFTM0\arduino_zero_native\Debug/core.a(Reset.cpp.o)
                0x00002964                initiateReset
 .text.cancelReset
                0x00002970       0x10 C:\Users\Александр\AppData\Local\Temp\VMBuilds\TestTFTM0\arduino_zero_native\Debug/core.a(Reset.cpp.o)
                0x00002970                cancelReset
 .text.tickReset
                0x00002980       0x74 C:\Users\Александр\AppData\Local\Temp\VMBuilds\TestTFTM0\arduino_zero_native\Debug/core.a(Reset.cpp.o)
                0x00002980                tickReset
 .text._ZN6SERCOMC2EP6Sercom
                0x000029f4        0x4 C:\Users\Александр\AppData\Local\Temp\VMBuilds\TestTFTM0\arduino_zero_native\Debug/core.a(SERCOM.cpp.o)
                0x000029f4                SERCOM::SERCOM(Sercom*)
                0x000029f4                SERCOM::SERCOM(Sercom*)
 .text._ZN6SERCOM9initFrameE18SercomUartCharSize15SercomDataOrder16SercomParityMode19SercomNumberStopBit
                0x000029f8       0x38 C:\Users\Александр\AppData\Local\Temp\VMBuilds\TestTFTM0\arduino_zero_native\Debug/core.a(SERCOM.cpp.o)
                0x000029f8                SERCOM::initFrame(SercomUartCharSize, SercomDataOrder, SercomParityMode, SercomNumberStopBit)
 .text._ZN6SERCOM8initPadsE15SercomUartTXPad11SercomRXPad
                0x00002a30       0x26 C:\Users\Александр\AppData\Local\Temp\VMBuilds\TestTFTM0\arduino_zero_native\Debug/core.a(SERCOM.cpp.o)
                0x00002a30                SERCOM::initPads(SercomUartTXPad, SercomRXPad)
 .text._ZN6SERCOM9resetUARTEv
                0x00002a56       0x1c C:\Users\Александр\AppData\Local\Temp\VMBuilds\TestTFTM0\arduino_zero_native\Debug/core.a(SERCOM.cpp.o)
                0x00002a56                SERCOM::resetUART()
 .text._ZN6SERCOM10enableUARTEv
                0x00002a72       0x14 C:\Users\Александр\AppData\Local\Temp\VMBuilds\TestTFTM0\arduino_zero_native\Debug/core.a(SERCOM.cpp.o)
                0x00002a72                SERCOM::enableUART()
 .text._ZN6SERCOM9flushUARTEv
                0x00002a86       0x10 C:\Users\Александр\AppData\Local\Temp\VMBuilds\TestTFTM0\arduino_zero_native\Debug/core.a(SERCOM.cpp.o)
                0x00002a86                SERCOM::flushUART()
 .text._ZN6SERCOM15clearStatusUARTEv
                0x00002a96        0x8 C:\Users\Александр\AppData\Local\Temp\VMBuilds\TestTFTM0\arduino_zero_native\Debug/core.a(SERCOM.cpp.o)
                0x00002a96                SERCOM::clearStatusUART()
 .text._ZN6SERCOM17availableDataUARTEv
                0x00002a9e        0xa C:\Users\Александр\AppData\Local\Temp\VMBuilds\TestTFTM0\arduino_zero_native\Debug/core.a(SERCOM.cpp.o)
                0x00002a9e                SERCOM::availableDataUART()
 .text._ZN6SERCOM11isUARTErrorEv
                0x00002aa8        0x8 C:\Users\Александр\AppData\Local\Temp\VMBuilds\TestTFTM0\arduino_zero_native\Debug/core.a(SERCOM.cpp.o)
                0x00002aa8                SERCOM::isUARTError()
 .text._ZN6SERCOM20acknowledgeUARTErrorEv
                0x00002ab0        0xe C:\Users\Александр\AppData\Local\Temp\VMBuilds\TestTFTM0\arduino_zero_native\Debug/core.a(SERCOM.cpp.o)
                0x00002ab0                SERCOM::acknowledgeUARTError()
 .text._ZN6SERCOM12readDataUARTEv
                0x00002abe        0x8 C:\Users\Александр\AppData\Local\Temp\VMBuilds\TestTFTM0\arduino_zero_native\Debug/core.a(SERCOM.cpp.o)
                0x00002abe                SERCOM::readDataUART()
 .text._ZN6SERCOM13writeDataUARTEh
                0x00002ac6        0xe C:\Users\Александр\AppData\Local\Temp\VMBuilds\TestTFTM0\arduino_zero_native\Debug/core.a(SERCOM.cpp.o)
                0x00002ac6                SERCOM::writeDataUART(unsigned char)
 .text._ZN6SERCOM13initClockNVICEv
                0x00002ad4       0xac C:\Users\Александр\AppData\Local\Temp\VMBuilds\TestTFTM0\arduino_zero_native\Debug/core.a(SERCOM.cpp.o)
                0x00002ad4                SERCOM::initClockNVIC()
 .text._ZN6SERCOM8initUARTE14SercomUartMode20SercomUartSampleRatem
                0x00002b80       0x6c C:\Users\Александр\AppData\Local\Temp\VMBuilds\TestTFTM0\arduino_zero_native\Debug/core.a(SERCOM.cpp.o)
                0x00002b80                SERCOM::initUART(SercomUartMode, SercomUartSampleRate, unsigned long)
 .text._ZN4UartcvbEv
                0x00002bec        0x4 C:\Users\Александр\AppData\Local\Temp\VMBuilds\TestTFTM0\arduino_zero_native\Debug/core.a(Uart.cpp.o)
                0x00002bec                Uart::operator bool()
 .text._ZN4Uart5beginEm
                0x00002bf0        0xc C:\Users\Александр\AppData\Local\Temp\VMBuilds\TestTFTM0\arduino_zero_native\Debug/core.a(Uart.cpp.o)
                0x00002bf0                Uart::begin(unsigned long)
 .text._ZN4Uart3endEv
                0x00002bfc       0x14 C:\Users\Александр\AppData\Local\Temp\VMBuilds\TestTFTM0\arduino_zero_native\Debug/core.a(Uart.cpp.o)
                0x00002bfc                Uart::end()
 .text._ZN4Uart5flushEv
                0x00002c10        0xa C:\Users\Александр\AppData\Local\Temp\VMBuilds\TestTFTM0\arduino_zero_native\Debug/core.a(Uart.cpp.o)
                0x00002c10                Uart::flush()
 .text._ZN4Uart9availableEv
                0x00002c1a        0xa C:\Users\Александр\AppData\Local\Temp\VMBuilds\TestTFTM0\arduino_zero_native\Debug/core.a(Uart.cpp.o)
                0x00002c1a                Uart::available()
 .text._ZN4Uart4peekEv
                0x00002c24        0xa C:\Users\Александр\AppData\Local\Temp\VMBuilds\TestTFTM0\arduino_zero_native\Debug/core.a(Uart.cpp.o)
                0x00002c24                Uart::peek()
 .text._ZN4Uart4readEv
                0x00002c2e        0xa C:\Users\Александр\AppData\Local\Temp\VMBuilds\TestTFTM0\arduino_zero_native\Debug/core.a(Uart.cpp.o)
                0x00002c2e                Uart::read()
 .text._ZN4Uart5writeEh
                0x00002c38        0xc C:\Users\Александр\AppData\Local\Temp\VMBuilds\TestTFTM0\arduino_zero_native\Debug/core.a(Uart.cpp.o)
                0x00002c38                Uart::write(unsigned char)
 .text._ZN4UartC2EP6SERCOMhh11SercomRXPad15SercomUartTXPad
                0x00002c44       0x48 C:\Users\Александр\AppData\Local\Temp\VMBuilds\TestTFTM0\arduino_zero_native\Debug/core.a(Uart.cpp.o)
                0x00002c44                Uart::Uart(SERCOM*, unsigned char, unsigned char, SercomRXPad, SercomUartTXPad)
                0x00002c44                Uart::Uart(SERCOM*, unsigned char, unsigned char, SercomRXPad, SercomUartTXPad)
 .text._ZN4Uart10IrqHandlerEv
                0x00002c8c       0x36 C:\Users\Александр\AppData\Local\Temp\VMBuilds\TestTFTM0\arduino_zero_native\Debug/core.a(Uart.cpp.o)
                0x00002c8c                Uart::IrqHandler()
 .text._ZN4Uart16extractNbStopBitEt
                0x00002cc2        0xe C:\Users\Александр\AppData\Local\Temp\VMBuilds\TestTFTM0\arduino_zero_native\Debug/core.a(Uart.cpp.o)
                0x00002cc2                Uart::extractNbStopBit(unsigned short)
 .text._ZN4Uart15extractCharSizeEt
                0x00002cd0       0x2c C:\Users\Александр\AppData\Local\Temp\VMBuilds\TestTFTM0\arduino_zero_native\Debug/core.a(Uart.cpp.o)
                0x00002cd0                Uart::extractCharSize(unsigned short)
 .text._ZN4Uart13extractParityEt
                0x00002cfc       0x18 C:\Users\Александр\AppData\Local\Temp\VMBuilds\TestTFTM0\arduino_zero_native\Debug/core.a(Uart.cpp.o)
                0x00002cfc                Uart::extractParity(unsigned short)
 .text._ZN4Uart5beginEmt
                0x00002d14       0x88 C:\Users\Александр\AppData\Local\Temp\VMBuilds\TestTFTM0\arduino_zero_native\Debug/core.a(Uart.cpp.o)
                0x00002d14                Uart::begin(unsigned long, unsigned short)
 .text._ZN7Serial_17availableForWriteEv
                0x00002d9c        0x4 C:\Users\Александр\AppData\Local\Temp\VMBuilds\TestTFTM0\arduino_zero_native\Debug/core.a(CDC.cpp.o)
                0x00002d9c                Serial_::availableForWrite()
 .text._ZN7Serial_5writeEh
                0x00002da0       0x14 C:\Users\Александр\AppData\Local\Temp\VMBuilds\TestTFTM0\arduino_zero_native\Debug/core.a(CDC.cpp.o)
                0x00002da0                Serial_::write(unsigned char)
 .text._ZN7Serial_9availableEv
                0x00002db4        0xc C:\Users\Александр\AppData\Local\Temp\VMBuilds\TestTFTM0\arduino_zero_native\Debug/core.a(CDC.cpp.o)
                0x00002db4                Serial_::available()
 .text._ZN7Serial_5flushEv
                0x00002dc0        0xc C:\Users\Александр\AppData\Local\Temp\VMBuilds\TestTFTM0\arduino_zero_native\Debug/core.a(CDC.cpp.o)
                0x00002dc0                Serial_::flush()
 .text._ZN7Serial_5writeEPKhj
                0x00002dcc       0x1c C:\Users\Александр\AppData\Local\Temp\VMBuilds\TestTFTM0\arduino_zero_native\Debug/core.a(CDC.cpp.o)
                0x00002dcc                Serial_::write(unsigned char const*, unsigned int)
 .text._ZN7Serial_4peekEv
                0x00002de8       0x1c C:\Users\Александр\AppData\Local\Temp\VMBuilds\TestTFTM0\arduino_zero_native\Debug/core.a(CDC.cpp.o)
                0x00002de8                Serial_::peek()
 .text._ZN7Serial_4readEv
                0x00002e04       0x24 C:\Users\Александр\AppData\Local\Temp\VMBuilds\TestTFTM0\arduino_zero_native\Debug/core.a(CDC.cpp.o)
                0x00002e04                Serial_::read()
 .text._Z16CDC_GetInterfacePh
                0x00002e28       0x1c C:\Users\Александр\AppData\Local\Temp\VMBuilds\TestTFTM0\arduino_zero_native\Debug/core.a(CDC.cpp.o)
                0x00002e28                CDC_GetInterface(unsigned char*)
 .text._Z9CDC_SetupR8USBSetup
                0x00002e44       0x80 C:\Users\Александр\AppData\Local\Temp\VMBuilds\TestTFTM0\arduino_zero_native\Debug/core.a(CDC.cpp.o)
                0x00002e44                CDC_Setup(USBSetup&)
 .text._ZN7Serial_5beginEm
                0x00002ec4        0x2 C:\Users\Александр\AppData\Local\Temp\VMBuilds\TestTFTM0\arduino_zero_native\Debug/core.a(CDC.cpp.o)
                0x00002ec4                Serial_::begin(unsigned long)
 *fill*         0x00002ec6        0x2 
 .text.startup._GLOBAL__sub_I__Z17_CDC_GetInterfacev
                0x00002ec8       0x28 C:\Users\Александр\AppData\Local\Temp\VMBuilds\TestTFTM0\arduino_zero_native\Debug/core.a(CDC.cpp.o)
 .text._ZN14USBDeviceClass6initEPEmm.part.4
                0x00002ef0       0x80 C:\Users\Александр\AppData\Local\Temp\VMBuilds\TestTFTM0\arduino_zero_native\Debug/core.a(USBCore.cpp.o)
 .text._ZN20USBDevice_SAMD21G18x5resetEv
                0x00002f70       0x28 C:\Users\Александр\AppData\Local\Temp\VMBuilds\TestTFTM0\arduino_zero_native\Debug/core.a(USBCore.cpp.o)
                0x00002f70                USBDevice_SAMD21G18x::reset()
 .text._ZN20USBDevice_SAMD21G18x9calibrateEv
                0x00002f98       0x5c C:\Users\Александр\AppData\Local\Temp\VMBuilds\TestTFTM0\arduino_zero_native\Debug/core.a(USBCore.cpp.o)
                0x00002f98                USBDevice_SAMD21G18x::calibrate()
 .text._ZN7__GuardC2Ev
                0x00002ff4        0xe C:\Users\Александр\AppData\Local\Temp\VMBuilds\TestTFTM0\arduino_zero_native\Debug/core.a(USBCore.cpp.o)
                0x00002ff4                __Guard::__Guard()
                0x00002ff4                __Guard::__Guard()
 .text._ZN7__GuardD2Ev
                0x00003002        0xe C:\Users\Александр\AppData\Local\Temp\VMBuilds\TestTFTM0\arduino_zero_native\Debug/core.a(USBCore.cpp.o)
                0x00003002                __Guard::~__Guard()
                0x00003002                __Guard::~__Guard()
 .text._ZNK26DoubleBufferedEPOutHandler9availableEv
                0x00003010       0x5e C:\Users\Александр\AppData\Local\Temp\VMBuilds\TestTFTM0\arduino_zero_native\Debug/core.a(USBCore.cpp.o)
                0x00003010                DoubleBufferedEPOutHandler::available() const
 *fill*         0x0000306e        0x2 
 .text._ZN26DoubleBufferedEPOutHandler7releaseEv
                0x00003070       0x58 C:\Users\Александр\AppData\Local\Temp\VMBuilds\TestTFTM0\arduino_zero_native\Debug/core.a(USBCore.cpp.o)
                0x00003070                DoubleBufferedEPOutHandler::release()
 .text._ZN26DoubleBufferedEPOutHandler4recvEPvm
                0x000030c8      0x11c C:\Users\Александр\AppData\Local\Temp\VMBuilds\TestTFTM0\arduino_zero_native\Debug/core.a(USBCore.cpp.o)
                0x000030c8                DoubleBufferedEPOutHandler::recv(void*, unsigned long)
 .text._ZN26DoubleBufferedEPOutHandler14handleEndpointEv
                0x000031e4       0xc4 C:\Users\Александр\AppData\Local\Temp\VMBuilds\TestTFTM0\arduino_zero_native\Debug/core.a(USBCore.cpp.o)
                0x000031e4                DoubleBufferedEPOutHandler::handleEndpoint()
 .text._ZN14USBDeviceClass14SendInterfacesEPm
                0x000032a8       0x2c C:\Users\Александр\AppData\Local\Temp\VMBuilds\TestTFTM0\arduino_zero_native\Debug/core.a(USBCore.cpp.o)
                0x000032a8                USBDeviceClass::SendInterfaces(unsigned long*)
 .text._ZN14USBDeviceClass14handleEndpointEh
                0x000032d4       0x40 C:\Users\Александр\AppData\Local\Temp\VMBuilds\TestTFTM0\arduino_zero_native\Debug/core.a(USBCore.cpp.o)
                0x000032d4                USBDeviceClass::handleEndpoint(unsigned char)
 .text._ZN14USBDeviceClass4initEv
                0x00003314       0xf0 C:\Users\Александр\AppData\Local\Temp\VMBuilds\TestTFTM0\arduino_zero_native\Debug/core.a(USBCore.cpp.o)
                0x00003314                USBDeviceClass::init()
 .text._ZN14USBDeviceClass6attachEv
                0x00003404       0x34 C:\Users\Александр\AppData\Local\Temp\VMBuilds\TestTFTM0\arduino_zero_native\Debug/core.a(USBCore.cpp.o)
                0x00003404                USBDeviceClass::attach()
 .text._ZN14USBDeviceClass10setAddressEm
                0x00003438       0x48 C:\Users\Александр\AppData\Local\Temp\VMBuilds\TestTFTM0\arduino_zero_native\Debug/core.a(USBCore.cpp.o)
                0x00003438                USBDeviceClass::setAddress(unsigned long)
 .text._ZN14USBDeviceClass25handleClassInterfaceSetupER8USBSetup
                0x00003480       0x40 C:\Users\Александр\AppData\Local\Temp\VMBuilds\TestTFTM0\arduino_zero_native\Debug/core.a(USBCore.cpp.o)
                0x00003480                USBDeviceClass::handleClassInterfaceSetup(USBSetup&)
 .text._ZN14USBDeviceClass6initEPEmm
                0x000034c0      0x128 C:\Users\Александр\AppData\Local\Temp\VMBuilds\TestTFTM0\arduino_zero_native\Debug/core.a(USBCore.cpp.o)
                0x000034c0                USBDeviceClass::initEP(unsigned long, unsigned long)
 .text._ZN14USBDeviceClass13initEndpointsEv
                0x000035e8       0x24 C:\Users\Александр\AppData\Local\Temp\VMBuilds\TestTFTM0\arduino_zero_native\Debug/core.a(USBCore.cpp.o)
                0x000035e8                USBDeviceClass::initEndpoints()
 .text._ZN14USBDeviceClass9availableEm
                0x0000360c       0x2c C:\Users\Александр\AppData\Local\Temp\VMBuilds\TestTFTM0\arduino_zero_native\Debug/core.a(USBCore.cpp.o)
                0x0000360c                USBDeviceClass::available(unsigned long)
 .text._ZN14USBDeviceClass5flushEm
                0x00003638       0x2c C:\Users\Александр\AppData\Local\Temp\VMBuilds\TestTFTM0\arduino_zero_native\Debug/core.a(USBCore.cpp.o)
                0x00003638                USBDeviceClass::flush(unsigned long)
 .text._ZN14USBDeviceClass14armRecvCtrlOUTEm
                0x00003664       0x60 C:\Users\Александр\AppData\Local\Temp\VMBuilds\TestTFTM0\arduino_zero_native\Debug/core.a(USBCore.cpp.o)
                0x00003664                USBDeviceClass::armRecvCtrlOUT(unsigned long)
 .text._ZN14USBDeviceClass11recvControlEPvm
                0x000036c4       0x3c C:\Users\Александр\AppData\Local\Temp\VMBuilds\TestTFTM0\arduino_zero_native\Debug/core.a(USBCore.cpp.o)
                0x000036c4                USBDeviceClass::recvControl(void*, unsigned long)
 .text._ZN14USBDeviceClass7armRecvEm
                0x00003700       0x3c C:\Users\Александр\AppData\Local\Temp\VMBuilds\TestTFTM0\arduino_zero_native\Debug/core.a(USBCore.cpp.o)
                0x00003700                USBDeviceClass::armRecv(unsigned long)
 .text._ZN14USBDeviceClass4recvEmPvm
                0x0000373c       0xd8 C:\Users\Александр\AppData\Local\Temp\VMBuilds\TestTFTM0\arduino_zero_native\Debug/core.a(USBCore.cpp.o)
                0x0000373c                USBDeviceClass::recv(unsigned long, void*, unsigned long)
 .text._ZN14USBDeviceClass4recvEm
                0x00003814       0x1c C:\Users\Александр\AppData\Local\Temp\VMBuilds\TestTFTM0\arduino_zero_native\Debug/core.a(USBCore.cpp.o)
                0x00003814                USBDeviceClass::recv(unsigned long)
 .text._ZN14USBDeviceClass4sendEmPKvm
                0x00003830      0x124 C:\Users\Александр\AppData\Local\Temp\VMBuilds\TestTFTM0\arduino_zero_native\Debug/core.a(USBCore.cpp.o)
                0x00003830                USBDeviceClass::send(unsigned long, void const*, unsigned long)
 .text._ZN14USBDeviceClass7armSendEmPKvm
                0x00003954       0x48 C:\Users\Александр\AppData\Local\Temp\VMBuilds\TestTFTM0\arduino_zero_native\Debug/core.a(USBCore.cpp.o)
                0x00003954                USBDeviceClass::armSend(unsigned long, void const*, unsigned long)
 .text._ZN14USBDeviceClass11sendControlEPKvm
                0x0000399c       0x58 C:\Users\Александр\AppData\Local\Temp\VMBuilds\TestTFTM0\arduino_zero_native\Debug/core.a(USBCore.cpp.o)
                0x0000399c                USBDeviceClass::sendControl(void const*, unsigned long)
 .text._ZN14USBDeviceClass20sendStringDescriptorEPKhh
                0x000039f4       0x68 C:\Users\Александр\AppData\Local\Temp\VMBuilds\TestTFTM0\arduino_zero_native\Debug/core.a(USBCore.cpp.o)
                0x000039f4                USBDeviceClass::sendStringDescriptor(unsigned char const*, unsigned char)
 .text._ZN14USBDeviceClass12packMessagesEb.part.6
                0x00003a5c       0x20 C:\Users\Александр\AppData\Local\Temp\VMBuilds\TestTFTM0\arduino_zero_native\Debug/core.a(USBCore.cpp.o)
 .text._ZN14USBDeviceClass17sendConfigurationEm
                0x00003a7c       0x90 C:\Users\Александр\AppData\Local\Temp\VMBuilds\TestTFTM0\arduino_zero_native\Debug/core.a(USBCore.cpp.o)
                0x00003a7c                USBDeviceClass::sendConfiguration(unsigned long)
 .text._ZN14USBDeviceClass14sendDescriptorER8USBSetup
                0x00003b0c       0xb4 C:\Users\Александр\AppData\Local\Temp\VMBuilds\TestTFTM0\arduino_zero_native\Debug/core.a(USBCore.cpp.o)
                0x00003b0c                USBDeviceClass::sendDescriptor(USBSetup&)
 .text._ZN14USBDeviceClass19handleStandardSetupER8USBSetup
                0x00003bc0      0x118 C:\Users\Александр\AppData\Local\Temp\VMBuilds\TestTFTM0\arduino_zero_native\Debug/core.a(USBCore.cpp.o)
                0x00003bc0                USBDeviceClass::handleStandardSetup(USBSetup&)
 .text._ZN14USBDeviceClass10ISRHandlerEv
                0x00003cd8      0x150 C:\Users\Александр\AppData\Local\Temp\VMBuilds\TestTFTM0\arduino_zero_native\Debug/core.a(USBCore.cpp.o)
                0x00003cd8                USBDeviceClass::ISRHandler()
 .text.UDD_Handler
                0x00003e28       0x10 C:\Users\Александр\AppData\Local\Temp\VMBuilds\TestTFTM0\arduino_zero_native\Debug/core.a(USBCore.cpp.o)
                0x00003e28                UDD_Handler
 .text.startup._GLOBAL__sub_I__ZN20USBDevice_SAMD21G18x5resetEv
                0x00003e38       0x10 C:\Users\Александр\AppData\Local\Temp\VMBuilds\TestTFTM0\arduino_zero_native\Debug/core.a(USBCore.cpp.o)
 .text._Znwj    0x00003e48        0x8 C:\Users\Александр\AppData\Local\Temp\VMBuilds\TestTFTM0\arduino_zero_native\Debug/core.a(new.cpp.o)
                0x00003e48                operator new(unsigned int)
 .text._ZN10RingBufferC2Ev
                0x00003e50       0x16 C:\Users\Александр\AppData\Local\Temp\VMBuilds\TestTFTM0\arduino_zero_native\Debug/core.a(RingBuffer.cpp.o)
                0x00003e50                RingBuffer::RingBuffer()
                0x00003e50                RingBuffer::RingBuffer()
 .text._ZN10RingBuffer10store_charEh
                0x00003e66       0x16 C:\Users\Александр\AppData\Local\Temp\VMBuilds\TestTFTM0\arduino_zero_native\Debug/core.a(RingBuffer.cpp.o)
                0x00003e66                RingBuffer::store_char(unsigned char)
 .text._ZN10RingBuffer5clearEv
                0x00003e7c        0x8 C:\Users\Александр\AppData\Local\Temp\VMBuilds\TestTFTM0\arduino_zero_native\Debug/core.a(RingBuffer.cpp.o)
                0x00003e7c                RingBuffer::clear()
 .text._ZN10RingBuffer9read_charEv
                0x00003e84       0x1c C:\Users\Александр\AppData\Local\Temp\VMBuilds\TestTFTM0\arduino_zero_native\Debug/core.a(RingBuffer.cpp.o)
                0x00003e84                RingBuffer::read_char()
 .text._ZN10RingBuffer9availableEv
                0x00003ea0        0xc C:\Users\Александр\AppData\Local\Temp\VMBuilds\TestTFTM0\arduino_zero_native\Debug/core.a(RingBuffer.cpp.o)
                0x00003ea0                RingBuffer::available()
 .text._ZN10RingBuffer4peekEv
                0x00003eac       0x12 C:\Users\Александр\AppData\Local\Temp\VMBuilds\TestTFTM0\arduino_zero_native\Debug/core.a(RingBuffer.cpp.o)
                0x00003eac                RingBuffer::peek()
 .text._ZN13PluggableUSB_12getInterfaceEPh
                0x00003ebe       0x2a C:\Users\Александр\AppData\Local\Temp\VMBuilds\TestTFTM0\arduino_zero_native\Debug/core.a(PluggableUSB.cpp.o)
                0x00003ebe                PluggableUSB_::getInterface(unsigned char*)
 .text._ZN13PluggableUSB_13getDescriptorER8USBSetup
                0x00003ee8       0x20 C:\Users\Александр\AppData\Local\Temp\VMBuilds\TestTFTM0\arduino_zero_native\Debug/core.a(PluggableUSB.cpp.o)
                0x00003ee8                PluggableUSB_::getDescriptor(USBSetup&)
 .text._ZN13PluggableUSB_12getShortNameEPc
                0x00003f08       0x1e C:\Users\Александр\AppData\Local\Temp\VMBuilds\TestTFTM0\arduino_zero_native\Debug/core.a(PluggableUSB.cpp.o)
                0x00003f08                PluggableUSB_::getShortName(char*)
 .text._ZN13PluggableUSB_5setupER8USBSetup
                0x00003f26       0x24 C:\Users\Александр\AppData\Local\Temp\VMBuilds\TestTFTM0\arduino_zero_native\Debug/core.a(PluggableUSB.cpp.o)
                0x00003f26                PluggableUSB_::setup(USBSetup&)
 *fill*         0x00003f4a        0x2 
 .text._Z12PluggableUSBv
                0x00003f4c       0x24 C:\Users\Александр\AppData\Local\Temp\VMBuilds\TestTFTM0\arduino_zero_native\Debug/core.a(PluggableUSB.cpp.o)
                0x00003f4c                PluggableUSB()
 .text          0x00003f70       0x14 c:/users/александр/appdata/local/arduino15/packages/arduino/tools/arm-none-eabi-gcc/4.8.3-2014q1/bin/../lib/gcc/arm-none-eabi/4.8.3/armv6-m\libgcc.a(_thumb1_case_uqi.o)
                0x00003f70                __gnu_thumb1_case_uqi
 .text          0x00003f84       0x9c c:/users/александр/appdata/local/arduino15/packages/arduino/tools/arm-none-eabi-gcc/4.8.3-2014q1/bin/../lib/gcc/arm-none-eabi/4.8.3/armv6-m\libgcc.a(_udivsi3.o)
                0x00003f84                __aeabi_uidiv
                0x00003f84                __udivsi3
                0x0000400c                __aeabi_uidivmod
 .text          0x00004020        0x4 c:/users/александр/appdata/local/arduino15/packages/arduino/tools/arm-none-eabi-gcc/4.8.3-2014q1/bin/../lib/gcc/arm-none-eabi/4.8.3/armv6-m\libgcc.a(_dvmd_tls.o)
                0x00004020                __aeabi_idiv0
                0x00004020                __aeabi_ldiv0
 .text.__libc_init_array
                0x00004024       0x4c c:/users/александр/appdata/local/arduino15/packages/arduino/tools/arm-none-eabi-gcc/4.8.3-2014q1/bin/../lib/gcc/arm-none-eabi/4.8.3/../../../../arm-none-eabi/lib/armv6-m\libc_s.a(lib_a-init.o)
                0x00004024                __libc_init_array
 .text.malloc   0x00004070       0x14 c:/users/александр/appdata/local/arduino15/packages/arduino/tools/arm-none-eabi-gcc/4.8.3-2014q1/bin/../lib/gcc/arm-none-eabi/4.8.3/../../../../arm-none-eabi/lib/armv6-m\libc_s.a(lib_a-malloc.o)
                0x00004070                malloc
 .text.memcpy   0x00004084       0x12 c:/users/александр/appdata/local/arduino15/packages/arduino/tools/arm-none-eabi-gcc/4.8.3-2014q1/bin/../lib/gcc/arm-none-eabi/4.8.3/../../../../arm-none-eabi/lib/armv6-m\libc_s.a(lib_a-memcpy-stub.o)
                0x00004084                memcpy
 .text.memset   0x00004096       0x10 c:/users/александр/appdata/local/arduino15/packages/arduino/tools/arm-none-eabi-gcc/4.8.3-2014q1/bin/../lib/gcc/arm-none-eabi/4.8.3/../../../../arm-none-eabi/lib/armv6-m\libc_s.a(lib_a-memset.o)
                0x00004096                memset
 *fill*         0x000040a6        0x2 
 .text._malloc_r
                0x000040a8       0xa8 c:/users/александр/appdata/local/arduino15/packages/arduino/tools/arm-none-eabi-gcc/4.8.3-2014q1/bin/../lib/gcc/arm-none-eabi/4.8.3/../../../../arm-none-eabi/lib/armv6-m\libc_s.a(lib_a-nano-mallocr.o)
                0x000040a8                _malloc_r
 .text._sbrk_r  0x00004150       0x24 c:/users/александр/appdata/local/arduino15/packages/arduino/tools/arm-none-eabi-gcc/4.8.3-2014q1/bin/../lib/gcc/arm-none-eabi/4.8.3/../../../../arm-none-eabi/lib/armv6-m\libc_s.a(lib_a-sbrkr.o)
                0x00004150                _sbrk_r
 .text.strlen   0x00004174        0xe c:/users/александр/appdata/local/arduino15/packages/arduino/tools/arm-none-eabi-gcc/4.8.3-2014q1/bin/../lib/gcc/arm-none-eabi/4.8.3/../../../../arm-none-eabi/lib/armv6-m\libc_s.a(lib_a-strlen.o)
                0x00004174                strlen
 *fill*         0x00004182        0x2 
 .text.sbrk     0x00004184       0x14 c:/users/александр/appdata/local/arduino15/packages/arduino/tools/arm-none-eabi-gcc/4.8.3-2014q1/bin/../lib/gcc/arm-none-eabi/4.8.3/../../../../arm-none-eabi/lib/armv6-m\libc_s.a(lib_a-syssbrk.o)
                0x00004184                sbrk
 .text._sbrk    0x00004198       0x34 c:/users/александр/appdata/local/arduino15/packages/arduino/tools/arm-none-eabi-gcc/4.8.3-2014q1/bin/../lib/gcc/arm-none-eabi/4.8.3/../../../../arm-none-eabi/lib/armv6-m\libnosys.a(sbrk.o)
                0x00004198                _sbrk
 *(.init)
 .init          0x000041cc        0x4 c:/users/александр/appdata/local/arduino15/packages/arduino/tools/arm-none-eabi-gcc/4.8.3-2014q1/bin/../lib/gcc/arm-none-eabi/4.8.3/armv6-m/crti.o
                0x000041cc                _init
 .init          0x000041d0        0x8 c:/users/александр/appdata/local/arduino15/packages/arduino/tools/arm-none-eabi-gcc/4.8.3-2014q1/bin/../lib/gcc/arm-none-eabi/4.8.3/armv6-m/crtn.o
 *(.fini)
 .fini          0x000041d8        0x4 c:/users/александр/appdata/local/arduino15/packages/arduino/tools/arm-none-eabi-gcc/4.8.3-2014q1/bin/../lib/gcc/arm-none-eabi/4.8.3/armv6-m/crti.o
                0x000041d8                _fini
 .fini          0x000041dc        0x8 c:/users/александр/appdata/local/arduino15/packages/arduino/tools/arm-none-eabi-gcc/4.8.3-2014q1/bin/../lib/gcc/arm-none-eabi/4.8.3/armv6-m/crtn.o
 *crtbegin.o(.ctors)
 *crtbegin?.o(.ctors)
 *(EXCLUDE_FILE(*crtend.o *crtend?.o) .ctors)
 *(SORT(.ctors.*))
 *(.ctors)
 *crtbegin.o(.dtors)
 *crtbegin?.o(.dtors)
 *(EXCLUDE_FILE(*crtend.o *crtend?.o) .dtors)
 *(SORT(.dtors.*))
 *(.dtors)
 *(.rodata*)
 .rodata._ZL3str
                0x000041e4       0x14 C:\Users\Александр\AppData\Local\Temp\VMBuilds\TestTFTM0\arduino_zero_native\Debug\TestTFTM0.cpp.o
 .rodata.str1.1
                0x000041f8       0x37 C:\Users\Александр\AppData\Local\Temp\VMBuilds\TestTFTM0\arduino_zero_native\Debug\TestTFTM0.cpp.o
 *fill*         0x0000422f        0x1 
 .rodata.g_APinDescription
                0x00004230      0x420 C:\Users\Александр\AppData\Local\Temp\VMBuilds\TestTFTM0\arduino_zero_native\Debug\variant\variant.cpp.o
                0x00004230                g_APinDescription
 .rodata.str1.1
                0x00004650       0x11 C:\Users\Александр\AppData\Local\Temp\VMBuilds\TestTFTM0\arduino_zero_native\Debug/core.a(Print.cpp.o)
 *fill*         0x00004661        0x7 
 .rodata._ZTV4Uart
                0x00004668       0x30 C:\Users\Александр\AppData\Local\Temp\VMBuilds\TestTFTM0\arduino_zero_native\Debug/core.a(Uart.cpp.o)
                0x00004668                vtable for Uart
 .rodata._ZTV7Serial_
                0x00004698       0x28 C:\Users\Александр\AppData\Local\Temp\VMBuilds\TestTFTM0\arduino_zero_native\Debug/core.a(CDC.cpp.o)
                0x00004698                vtable for Serial_
 .rodata._ZTV26DoubleBufferedEPOutHandler
                0x000046c0       0x18 C:\Users\Александр\AppData\Local\Temp\VMBuilds\TestTFTM0\arduino_zero_native\Debug/core.a(USBCore.cpp.o)
                0x000046c0                vtable for DoubleBufferedEPOutHandler
 .rodata._ZL19STRING_MANUFACTURER
                0x000046d8        0xc C:\Users\Александр\AppData\Local\Temp\VMBuilds\TestTFTM0\arduino_zero_native\Debug/core.a(USBCore.cpp.o)
 .rodata._ZL15STRING_LANGUAGE
                0x000046e4        0x4 C:\Users\Александр\AppData\Local\Temp\VMBuilds\TestTFTM0\arduino_zero_native\Debug/core.a(USBCore.cpp.o)
 .rodata._ZL21USB_DeviceDescriptorB
                0x000046e8       0x12 C:\Users\Александр\AppData\Local\Temp\VMBuilds\TestTFTM0\arduino_zero_native\Debug/core.a(USBCore.cpp.o)
 .rodata._ZL14STRING_PRODUCT
                0x000046fa        0xd C:\Users\Александр\AppData\Local\Temp\VMBuilds\TestTFTM0\arduino_zero_native\Debug/core.a(USBCore.cpp.o)
 .rodata.str1.1
                0x00004707        0x2 c:/users/александр/appdata/local/arduino15/packages/arduino/tools/arm-none-eabi-gcc/4.8.3-2014q1/bin/../lib/gcc/arm-none-eabi/4.8.3/../../../../arm-none-eabi/lib/armv6-m\libc_s.a(lib_a-impure.o)
 *(.eh_frame*)
 *fill*         0x00004709        0x3 
 .eh_frame      0x0000470c        0x0 c:/users/александр/appdata/local/arduino15/packages/arduino/tools/arm-none-eabi-gcc/4.8.3-2014q1/bin/../lib/gcc/arm-none-eabi/4.8.3/armv6-m/crtbegin.o
 .eh_frame      0x0000470c        0x4 c:/users/александр/appdata/local/arduino15/packages/arduino/tools/arm-none-eabi-gcc/4.8.3-2014q1/bin/../lib/gcc/arm-none-eabi/4.8.3/armv6-m/crtend.o

.glue_7         0x00004710        0x0
 .glue_7        0x00000000        0x0 linker stubs

.glue_7t        0x00004710        0x0
 .glue_7t       0x00000000        0x0 linker stubs

.vfp11_veneer   0x00004710        0x0
 .vfp11_veneer  0x00000000        0x0 linker stubs

.v4_bx          0x00004710        0x0
 .v4_bx         0x00000000        0x0 linker stubs

.iplt           0x00004710        0x0
 .iplt          0x00000000        0x0 c:/users/александр/appdata/local/arduino15/packages/arduino/tools/arm-none-eabi-gcc/4.8.3-2014q1/bin/../lib/gcc/arm-none-eabi/4.8.3/armv6-m/crtbegin.o

.rel.dyn        0x00004710        0x0
 .rel.iplt      0x00000000        0x0 c:/users/александр/appdata/local/arduino15/packages/arduino/tools/arm-none-eabi-gcc/4.8.3-2014q1/bin/../lib/gcc/arm-none-eabi/4.8.3/armv6-m/crtbegin.o

.ARM.extab
 *(.ARM.extab* .gnu.linkonce.armextab.*)
                0x00004710                __exidx_start = .

.ARM.exidx
 *(.ARM.exidx* .gnu.linkonce.armexidx.*)
                0x00004710                __exidx_end = .
                0x00004710                __etext = .

.data           0x20000000      0x100 load address 0x00004710
                0x20000000                __data_start__ = .
 *(vtable)
 *(.data*)
 .data.SystemCoreClock
                0x20000000        0x4 C:\Users\Александр\AppData\Local\Temp\VMBuilds\TestTFTM0\arduino_zero_native\Debug/core.a(wiring.c.o)
                0x20000000                SystemCoreClock
 .data._ZL5ticks
                0x20000004        0x4 C:\Users\Александр\AppData\Local\Temp\VMBuilds\TestTFTM0\arduino_zero_native\Debug/core.a(Reset.cpp.o)
 .data._ZL12_usbLineInfo
                0x20000008        0x8 C:\Users\Александр\AppData\Local\Temp\VMBuilds\TestTFTM0\arduino_zero_native\Debug/core.a(CDC.cpp.o)
 .data._ZL10breakValue
                0x20000010        0x4 C:\Users\Александр\AppData\Local\Temp\VMBuilds\TestTFTM0\arduino_zero_native\Debug/core.a(CDC.cpp.o)
 .data._ZL13_cdcInterface
                0x20000014       0x42 C:\Users\Александр\AppData\Local\Temp\VMBuilds\TestTFTM0\arduino_zero_native\Debug/core.a(CDC.cpp.o)
 *fill*         0x20000056        0x2 
 .data._serialPeek
                0x20000058        0x4 C:\Users\Александр\AppData\Local\Temp\VMBuilds\TestTFTM0\arduino_zero_native\Debug/core.a(CDC.cpp.o)
                0x20000058                _serialPeek
 .data.EndPoints
                0x2000005c       0x28 C:\Users\Александр\AppData\Local\Temp\VMBuilds\TestTFTM0\arduino_zero_native\Debug/core.a(USBCore.cpp.o)
                0x2000005c                EndPoints
 .data.impure_data
                0x20000084       0x60 c:/users/александр/appdata/local/arduino15/packages/arduino/tools/arm-none-eabi-gcc/4.8.3-2014q1/bin/../lib/gcc/arm-none-eabi/4.8.3/../../../../arm-none-eabi/lib/armv6-m\libc_s.a(lib_a-impure.o)
 .data._impure_ptr
                0x200000e4        0x4 c:/users/александр/appdata/local/arduino15/packages/arduino/tools/arm-none-eabi-gcc/4.8.3-2014q1/bin/../lib/gcc/arm-none-eabi/4.8.3/../../../../arm-none-eabi/lib/armv6-m\libc_s.a(lib_a-impure.o)
                0x200000e4                _impure_ptr
                0x200000e8                . = ALIGN (0x4)
                0x200000e8                PROVIDE (__preinit_array_start, .)
 *(.preinit_array)
                0x200000e8                PROVIDE (__preinit_array_end, .)
                0x200000e8                . = ALIGN (0x4)
                0x200000e8                PROVIDE (__init_array_start, .)
 *(SORT(.init_array.*))
 *(.init_array)
 .init_array    0x200000e8        0x4 c:/users/александр/appdata/local/arduino15/packages/arduino/tools/arm-none-eabi-gcc/4.8.3-2014q1/bin/../lib/gcc/arm-none-eabi/4.8.3/armv6-m/crtbegin.o
 .init_array    0x200000ec        0x4 C:\Users\Александр\AppData\Local\Temp\VMBuilds\TestTFTM0\arduino_zero_native\Debug\variant\variant.cpp.o
 .init_array    0x200000f0        0x4 C:\Users\Александр\AppData\Local\Temp\VMBuilds\TestTFTM0\arduino_zero_native\Debug/core.a(CDC.cpp.o)
 .init_array    0x200000f4        0x4 C:\Users\Александр\AppData\Local\Temp\VMBuilds\TestTFTM0\arduino_zero_native\Debug/core.a(USBCore.cpp.o)
                0x200000f8                PROVIDE (__init_array_end, .)
                0x200000f8                . = ALIGN (0x4)
                0x200000f8                PROVIDE (__fini_array_start, .)
 *(SORT(.fini_array.*))
 *(.fini_array)
 .fini_array    0x200000f8        0x4 c:/users/александр/appdata/local/arduino15/packages/arduino/tools/arm-none-eabi-gcc/4.8.3-2014q1/bin/../lib/gcc/arm-none-eabi/4.8.3/armv6-m/crtbegin.o
                0x200000fc                PROVIDE (__fini_array_end, .)
 *(.jcr*)
 .jcr           0x200000fc        0x0 c:/users/александр/appdata/local/arduino15/packages/arduino/tools/arm-none-eabi-gcc/4.8.3-2014q1/bin/../lib/gcc/arm-none-eabi/4.8.3/armv6-m/crtbegin.o
 .jcr           0x200000fc        0x4 c:/users/александр/appdata/local/arduino15/packages/arduino/tools/arm-none-eabi-gcc/4.8.3-2014q1/bin/../lib/gcc/arm-none-eabi/4.8.3/armv6-m/crtend.o
                0x20000100                . = ALIGN (0x10)
                0x20000100                __data_end__ = .

.igot.plt       0x20000100        0x0 load address 0x00004810
 .igot.plt      0x00000000        0x0 c:/users/александр/appdata/local/arduino15/packages/arduino/tools/arm-none-eabi-gcc/4.8.3-2014q1/bin/../lib/gcc/arm-none-eabi/4.8.3/armv6-m/crtbegin.o

.bss            0x20000100      0x700 load address 0x00004810
                0x20000100                . = ALIGN (0x4)
                0x20000100                __bss_start__ = .
 *(.bss*)
 .bss           0x20000100       0x1c c:/users/александр/appdata/local/arduino15/packages/arduino/tools/arm-none-eabi-gcc/4.8.3-2014q1/bin/../lib/gcc/arm-none-eabi/4.8.3/armv6-m/crtbegin.o
 .bss.previousMillis
                0x2000011c        0x4 C:\Users\Александр\AppData\Local\Temp\VMBuilds\TestTFTM0\arduino_zero_native\Debug\TestTFTM0.cpp.o
                0x2000011c                previousMillis
 .bss.count     0x20000120        0x4 C:\Users\Александр\AppData\Local\Temp\VMBuilds\TestTFTM0\arduino_zero_native\Debug\TestTFTM0.cpp.o
                0x20000120                count
 .bss.ledState  0x20000124        0x4 C:\Users\Александр\AppData\Local\Temp\VMBuilds\TestTFTM0\arduino_zero_native\Debug\TestTFTM0.cpp.o
                0x20000124                ledState
 .bss.Serial    0x20000128       0x60 C:\Users\Александр\AppData\Local\Temp\VMBuilds\TestTFTM0\arduino_zero_native\Debug\variant\variant.cpp.o
                0x20000128                Serial
 .bss.Serial1   0x20000188       0x60 C:\Users\Александр\AppData\Local\Temp\VMBuilds\TestTFTM0\arduino_zero_native\Debug\variant\variant.cpp.o
                0x20000188                Serial1
 .bss.sercom3   0x200001e8        0x4 C:\Users\Александр\AppData\Local\Temp\VMBuilds\TestTFTM0\arduino_zero_native\Debug\variant\variant.cpp.o
                0x200001e8                sercom3
 .bss.sercom0   0x200001ec        0x4 C:\Users\Александр\AppData\Local\Temp\VMBuilds\TestTFTM0\arduino_zero_native\Debug\variant\variant.cpp.o
                0x200001ec                sercom0
 .bss.sercom1   0x200001f0        0x4 C:\Users\Александр\AppData\Local\Temp\VMBuilds\TestTFTM0\arduino_zero_native\Debug\variant\variant.cpp.o
                0x200001f0                sercom1
 .bss.sercom2   0x200001f4        0x4 C:\Users\Александр\AppData\Local\Temp\VMBuilds\TestTFTM0\arduino_zero_native\Debug\variant\variant.cpp.o
                0x200001f4                sercom2
 .bss.sercom4   0x200001f8        0x4 C:\Users\Александр\AppData\Local\Temp\VMBuilds\TestTFTM0\arduino_zero_native\Debug\variant\variant.cpp.o
                0x200001f8                sercom4
 .bss.sercom5   0x200001fc        0x4 C:\Users\Александр\AppData\Local\Temp\VMBuilds\TestTFTM0\arduino_zero_native\Debug\variant\variant.cpp.o
                0x200001fc                sercom5
 .bss.usb_isr   0x20000200        0x4 C:\Users\Александр\AppData\Local\Temp\VMBuilds\TestTFTM0\arduino_zero_native\Debug/core.a(cortex_handlers.c.o)
 .bss._ulTickCount
                0x20000204        0x4 C:\Users\Александр\AppData\Local\Temp\VMBuilds\TestTFTM0\arduino_zero_native\Debug/core.a(delay.c.o)
 .bss.SerialUSB
                0x20000208       0x1c C:\Users\Александр\AppData\Local\Temp\VMBuilds\TestTFTM0\arduino_zero_native\Debug/core.a(CDC.cpp.o)
                0x20000208                SerialUSB
 .bss._ZL14isEndpointHalt
                0x20000224        0x1 C:\Users\Александр\AppData\Local\Temp\VMBuilds\TestTFTM0\arduino_zero_native\Debug/core.a(USBCore.cpp.o)
 .bss._pack_buffer
                0x20000225      0x100 C:\Users\Александр\AppData\Local\Temp\VMBuilds\TestTFTM0\arduino_zero_native\Debug/core.a(USBCore.cpp.o)
                0x20000225                _pack_buffer
 *fill*         0x20000325        0x1 
 .bss._pack_size
                0x20000326        0x2 C:\Users\Александр\AppData\Local\Temp\VMBuilds\TestTFTM0\arduino_zero_native\Debug/core.a(USBCore.cpp.o)
                0x20000326                _pack_size
 .bss._ZL20LastTransmitTimedOut
                0x20000328        0x7 C:\Users\Александр\AppData\Local\Temp\VMBuilds\TestTFTM0\arduino_zero_native\Debug/core.a(USBCore.cpp.o)
 *fill*         0x2000032f        0x1 
 .bss._ZL22udd_ep_in_cache_buffer
                0x20000330      0x1c0 C:\Users\Александр\AppData\Local\Temp\VMBuilds\TestTFTM0\arduino_zero_native\Debug/core.a(USBCore.cpp.o)
 .bss._ZL10txLEDPulse
                0x200004f0        0x1 C:\Users\Александр\AppData\Local\Temp\VMBuilds\TestTFTM0\arduino_zero_native\Debug/core.a(USBCore.cpp.o)
 *fill*         0x200004f1        0x3 
 .bss._ZL23udd_ep_out_cache_buffer
                0x200004f4      0x1c0 C:\Users\Александр\AppData\Local\Temp\VMBuilds\TestTFTM0\arduino_zero_native\Debug/core.a(USBCore.cpp.o)
 .bss._ZL10epHandlers
                0x200006b4       0x1c C:\Users\Александр\AppData\Local\Temp\VMBuilds\TestTFTM0\arduino_zero_native\Debug/core.a(USBCore.cpp.o)
 .bss._pack_message
                0x200006d0        0x1 C:\Users\Александр\AppData\Local\Temp\VMBuilds\TestTFTM0\arduino_zero_native\Debug/core.a(USBCore.cpp.o)
                0x200006d0                _pack_message
 .bss._ZL21isRemoteWakeUpEnabled
                0x200006d1        0x1 C:\Users\Александр\AppData\Local\Temp\VMBuilds\TestTFTM0\arduino_zero_native\Debug/core.a(USBCore.cpp.o)
 .bss._dry_run  0x200006d2        0x1 C:\Users\Александр\AppData\Local\Temp\VMBuilds\TestTFTM0\arduino_zero_native\Debug/core.a(USBCore.cpp.o)
                0x200006d2                _dry_run
 .bss.USBDevice
                0x200006d3        0x1 C:\Users\Александр\AppData\Local\Temp\VMBuilds\TestTFTM0\arduino_zero_native\Debug/core.a(USBCore.cpp.o)
                0x200006d3                USBDevice
 .bss._usbSetInterface
                0x200006d4        0x4 C:\Users\Александр\AppData\Local\Temp\VMBuilds\TestTFTM0\arduino_zero_native\Debug/core.a(USBCore.cpp.o)
                0x200006d4                _usbSetInterface
 .bss._ZL10rxLEDPulse
                0x200006d8        0x1 C:\Users\Александр\AppData\Local\Temp\VMBuilds\TestTFTM0\arduino_zero_native\Debug/core.a(USBCore.cpp.o)
 *fill*         0x200006d9        0x3 
 .bss.usbd      0x200006dc      0x104 C:\Users\Александр\AppData\Local\Temp\VMBuilds\TestTFTM0\arduino_zero_native\Debug/core.a(USBCore.cpp.o)
                0x200006dc                usbd
 .bss._usbConfiguration
                0x200007e0        0x4 C:\Users\Александр\AppData\Local\Temp\VMBuilds\TestTFTM0\arduino_zero_native\Debug/core.a(USBCore.cpp.o)
                0x200007e0                _usbConfiguration
 .bss._ZZ12PluggableUSBvE3obj
                0x200007e4        0x8 C:\Users\Александр\AppData\Local\Temp\VMBuilds\TestTFTM0\arduino_zero_native\Debug/core.a(PluggableUSB.cpp.o)
 .bss._ZGVZ12PluggableUSBvE3obj
                0x200007ec        0x4 C:\Users\Александр\AppData\Local\Temp\VMBuilds\TestTFTM0\arduino_zero_native\Debug/core.a(PluggableUSB.cpp.o)
 .bss.__malloc_sbrk_start
                0x200007f0        0x4 c:/users/александр/appdata/local/arduino15/packages/arduino/tools/arm-none-eabi-gcc/4.8.3-2014q1/bin/../lib/gcc/arm-none-eabi/4.8.3/../../../../arm-none-eabi/lib/armv6-m\libc_s.a(lib_a-nano-mallocr.o)
                0x200007f0                __malloc_sbrk_start
 .bss.__malloc_free_list
                0x200007f4        0x4 c:/users/александр/appdata/local/arduino15/packages/arduino/tools/arm-none-eabi-gcc/4.8.3-2014q1/bin/../lib/gcc/arm-none-eabi/4.8.3/../../../../arm-none-eabi/lib/armv6-m\libc_s.a(lib_a-nano-mallocr.o)
                0x200007f4                __malloc_free_list
 .bss.heap_end.4243
                0x200007f8        0x4 c:/users/александр/appdata/local/arduino15/packages/arduino/tools/arm-none-eabi-gcc/4.8.3-2014q1/bin/../lib/gcc/arm-none-eabi/4.8.3/../../../../arm-none-eabi/lib/armv6-m\libnosys.a(sbrk.o)
 *(COMMON)
 COMMON         0x200007fc        0x4 c:/users/александр/appdata/local/arduino15/packages/arduino/tools/arm-none-eabi-gcc/4.8.3-2014q1/bin/../lib/gcc/arm-none-eabi/4.8.3/../../../../arm-none-eabi/lib/armv6-m\libc_s.a(lib_a-reent.o)
                0x200007fc                errno
                0x20000800                . = ALIGN (0x4)
                0x20000800                __bss_end__ = .

.heap           0x20000800        0x0
                0x20000800                __end__ = .
                0x20000800                PROVIDE (end, .)
 *(.heap*)
                0x20000800                __HeapLimit = .

.stack_dummy    0x20000800        0x0
 *(.stack*)
                0x20008000                __StackTop = (ORIGIN (RAM) + 0x8000)
                0x20008000                __StackLimit = (__StackTop - SIZEOF (.stack_dummy))
                0x20008000                PROVIDE (__stack, __StackTop)
                0x20007fff                __ram_end__ = ((ORIGIN (RAM) + 0x8000) - 0x1)
                0x00000001                ASSERT ((__StackLimit >= __HeapLimit), region RAM overflowed with stack)
OUTPUT(C:\Users\Александр\AppData\Local\Temp\VMBuilds\TestTFTM0\arduino_zero_native\Debug/TestTFTM0.ino.elf elf32-littlearm)

.ARM.attributes
                0x00000000       0x28
 .ARM.attributes
                0x00000000       0x1e c:/users/александр/appdata/local/arduino15/packages/arduino/tools/arm-none-eabi-gcc/4.8.3-2014q1/bin/../lib/gcc/arm-none-eabi/4.8.3/armv6-m/crti.o
 .ARM.attributes
                0x0000001e       0x2c c:/users/александр/appdata/local/arduino15/packages/arduino/tools/arm-none-eabi-gcc/4.8.3-2014q1/bin/../lib/gcc/arm-none-eabi/4.8.3/armv6-m/crtbegin.o
 .ARM.attributes
                0x0000004a       0x32 C:\Users\Александр\AppData\Local\Temp\VMBuilds\TestTFTM0\arduino_zero_native\Debug\TestTFTM0.cpp.o
 .ARM.attributes
                0x0000007c       0x32 C:\Users\Александр\AppData\Local\Temp\VMBuilds\TestTFTM0\arduino_zero_native\Debug\variant\variant.cpp.o
 .ARM.attributes
                0x000000ae       0x32 C:\Users\Александр\AppData\Local\Temp\VMBuilds\TestTFTM0\arduino_zero_native\Debug/core.a(cortex_handlers.c.o)
 .ARM.attributes
                0x000000e0       0x32 C:\Users\Александр\AppData\Local\Temp\VMBuilds\TestTFTM0\arduino_zero_native\Debug/core.a(delay.c.o)
 .ARM.attributes
                0x00000112       0x32 C:\Users\Александр\AppData\Local\Temp\VMBuilds\TestTFTM0\arduino_zero_native\Debug/core.a(hooks.c.o)
 .ARM.attributes
                0x00000144       0x32 C:\Users\Александр\AppData\Local\Temp\VMBuilds\TestTFTM0\arduino_zero_native\Debug/core.a(startup.c.o)
 .ARM.attributes
                0x00000176       0x32 C:\Users\Александр\AppData\Local\Temp\VMBuilds\TestTFTM0\arduino_zero_native\Debug/core.a(wiring.c.o)
 .ARM.attributes
                0x000001a8       0x32 C:\Users\Александр\AppData\Local\Temp\VMBuilds\TestTFTM0\arduino_zero_native\Debug/core.a(wiring_analog.c.o)
 .ARM.attributes
                0x000001da       0x32 C:\Users\Александр\AppData\Local\Temp\VMBuilds\TestTFTM0\arduino_zero_native\Debug/core.a(wiring_digital.c.o)
 .ARM.attributes
                0x0000020c       0x32 C:\Users\Александр\AppData\Local\Temp\VMBuilds\TestTFTM0\arduino_zero_native\Debug/core.a(wiring_private.c.o)
 .ARM.attributes
                0x0000023e       0x32 C:\Users\Александр\AppData\Local\Temp\VMBuilds\TestTFTM0\arduino_zero_native\Debug/core.a(main.cpp.o)
 .ARM.attributes
                0x00000270       0x32 C:\Users\Александр\AppData\Local\Temp\VMBuilds\TestTFTM0\arduino_zero_native\Debug/core.a(Print.cpp.o)
 .ARM.attributes
                0x000002a2       0x32 C:\Users\Александр\AppData\Local\Temp\VMBuilds\TestTFTM0\arduino_zero_native\Debug/core.a(Reset.cpp.o)
 .ARM.attributes
                0x000002d4       0x32 C:\Users\Александр\AppData\Local\Temp\VMBuilds\TestTFTM0\arduino_zero_native\Debug/core.a(SERCOM.cpp.o)
 .ARM.attributes
                0x00000306       0x32 C:\Users\Александр\AppData\Local\Temp\VMBuilds\TestTFTM0\arduino_zero_native\Debug/core.a(Uart.cpp.o)
 .ARM.attributes
                0x00000338       0x32 C:\Users\Александр\AppData\Local\Temp\VMBuilds\TestTFTM0\arduino_zero_native\Debug/core.a(CDC.cpp.o)
 .ARM.attributes
                0x0000036a       0x32 C:\Users\Александр\AppData\Local\Temp\VMBuilds\TestTFTM0\arduino_zero_native\Debug/core.a(USBCore.cpp.o)
 .ARM.attributes
                0x0000039c       0x32 C:\Users\Александр\AppData\Local\Temp\VMBuilds\TestTFTM0\arduino_zero_native\Debug/core.a(new.cpp.o)
 .ARM.attributes
                0x000003ce       0x32 C:\Users\Александр\AppData\Local\Temp\VMBuilds\TestTFTM0\arduino_zero_native\Debug/core.a(RingBuffer.cpp.o)
 .ARM.attributes
                0x00000400       0x32 C:\Users\Александр\AppData\Local\Temp\VMBuilds\TestTFTM0\arduino_zero_native\Debug/core.a(PluggableUSB.cpp.o)
 .ARM.attributes
                0x00000432       0x1e c:/users/александр/appdata/local/arduino15/packages/arduino/tools/arm-none-eabi-gcc/4.8.3-2014q1/bin/../lib/gcc/arm-none-eabi/4.8.3/armv6-m\libgcc.a(_thumb1_case_uqi.o)
 .ARM.attributes
                0x00000450       0x1e c:/users/александр/appdata/local/arduino15/packages/arduino/tools/arm-none-eabi-gcc/4.8.3-2014q1/bin/../lib/gcc/arm-none-eabi/4.8.3/armv6-m\libgcc.a(_udivsi3.o)
 .ARM.attributes
                0x0000046e       0x1e c:/users/александр/appdata/local/arduino15/packages/arduino/tools/arm-none-eabi-gcc/4.8.3-2014q1/bin/../lib/gcc/arm-none-eabi/4.8.3/armv6-m\libgcc.a(_dvmd_tls.o)
 .ARM.attributes
                0x0000048c       0x2c c:/users/александр/appdata/local/arduino15/packages/arduino/tools/arm-none-eabi-gcc/4.8.3-2014q1/bin/../lib/gcc/arm-none-eabi/4.8.3/../../../../arm-none-eabi/lib/armv6-m\libc_s.a(lib_a-impure.o)
 .ARM.attributes
                0x000004b8       0x2c c:/users/александр/appdata/local/arduino15/packages/arduino/tools/arm-none-eabi-gcc/4.8.3-2014q1/bin/../lib/gcc/arm-none-eabi/4.8.3/../../../../arm-none-eabi/lib/armv6-m\libc_s.a(lib_a-init.o)
 .ARM.attributes
                0x000004e4       0x2c c:/users/александр/appdata/local/arduino15/packages/arduino/tools/arm-none-eabi-gcc/4.8.3-2014q1/bin/../lib/gcc/arm-none-eabi/4.8.3/../../../../arm-none-eabi/lib/armv6-m\libc_s.a(lib_a-malloc.o)
 .ARM.attributes
                0x00000510       0x2c c:/users/александр/appdata/local/arduino15/packages/arduino/tools/arm-none-eabi-gcc/4.8.3-2014q1/bin/../lib/gcc/arm-none-eabi/4.8.3/../../../../arm-none-eabi/lib/armv6-m\libc_s.a(lib_a-memcpy-stub.o)
 .ARM.attributes
                0x0000053c       0x2c c:/users/александр/appdata/local/arduino15/packages/arduino/tools/arm-none-eabi-gcc/4.8.3-2014q1/bin/../lib/gcc/arm-none-eabi/4.8.3/../../../../arm-none-eabi/lib/armv6-m\libc_s.a(lib_a-memset.o)
 .ARM.attributes
                0x00000568       0x2c c:/users/александр/appdata/local/arduino15/packages/arduino/tools/arm-none-eabi-gcc/4.8.3-2014q1/bin/../lib/gcc/arm-none-eabi/4.8.3/../../../../arm-none-eabi/lib/armv6-m\libc_s.a(lib_a-nano-mallocr.o)
 .ARM.attributes
                0x00000594       0x2c c:/users/александр/appdata/local/arduino15/packages/arduino/tools/arm-none-eabi-gcc/4.8.3-2014q1/bin/../lib/gcc/arm-none-eabi/4.8.3/../../../../arm-none-eabi/lib/armv6-m\libc_s.a(lib_a-sbrkr.o)
 .ARM.attributes
                0x000005c0       0x2c c:/users/александр/appdata/local/arduino15/packages/arduino/tools/arm-none-eabi-gcc/4.8.3-2014q1/bin/../lib/gcc/arm-none-eabi/4.8.3/../../../../arm-none-eabi/lib/armv6-m\libc_s.a(lib_a-strlen.o)
 .ARM.attributes
                0x000005ec       0x2c c:/users/александр/appdata/local/arduino15/packages/arduino/tools/arm-none-eabi-gcc/4.8.3-2014q1/bin/../lib/gcc/arm-none-eabi/4.8.3/../../../../arm-none-eabi/lib/armv6-m\libc_s.a(lib_a-syssbrk.o)
 .ARM.attributes
                0x00000618       0x2c c:/users/александр/appdata/local/arduino15/packages/arduino/tools/arm-none-eabi-gcc/4.8.3-2014q1/bin/../lib/gcc/arm-none-eabi/4.8.3/../../../../arm-none-eabi/lib/armv6-m\libc_s.a(lib_a-reent.o)
 .ARM.attributes
                0x00000644       0x2c c:/users/александр/appdata/local/arduino15/packages/arduino/tools/arm-none-eabi-gcc/4.8.3-2014q1/bin/../lib/gcc/arm-none-eabi/4.8.3/../../../../arm-none-eabi/lib/armv6-m\libnosys.a(sbrk.o)
 .ARM.attributes
                0x00000670       0x2c c:/users/александр/appdata/local/arduino15/packages/arduino/tools/arm-none-eabi-gcc/4.8.3-2014q1/bin/../lib/gcc/arm-none-eabi/4.8.3/armv6-m/crtend.o
 .ARM.attributes
                0x0000069c       0x1e c:/users/александр/appdata/local/arduino15/packages/arduino/tools/arm-none-eabi-gcc/4.8.3-2014q1/bin/../lib/gcc/arm-none-eabi/4.8.3/armv6-m/crtn.o

.comment        0x00000000       0x70
 .comment       0x00000000       0x70 C:\Users\Александр\AppData\Local\Temp\VMBuilds\TestTFTM0\arduino_zero_native\Debug\TestTFTM0.cpp.o
                                 0x71 (size before relaxing)
 .comment       0x00000000       0x71 C:\Users\Александр\AppData\Local\Temp\VMBuilds\TestTFTM0\arduino_zero_native\Debug\variant\variant.cpp.o
 .comment       0x00000000       0x71 C:\Users\Александр\AppData\Local\Temp\VMBuilds\TestTFTM0\arduino_zero_native\Debug/core.a(cortex_handlers.c.o)
 .comment       0x00000000       0x71 C:\Users\Александр\AppData\Local\Temp\VMBuilds\TestTFTM0\arduino_zero_native\Debug/core.a(delay.c.o)
 .comment       0x00000000       0x71 C:\Users\Александр\AppData\Local\Temp\VMBuilds\TestTFTM0\arduino_zero_native\Debug/core.a(hooks.c.o)
 .comment       0x00000000       0x71 C:\Users\Александр\AppData\Local\Temp\VMBuilds\TestTFTM0\arduino_zero_native\Debug/core.a(startup.c.o)
 .comment       0x00000000       0x71 C:\Users\Александр\AppData\Local\Temp\VMBuilds\TestTFTM0\arduino_zero_native\Debug/core.a(wiring.c.o)
 .comment       0x00000000       0x71 C:\Users\Александр\AppData\Local\Temp\VMBuilds\TestTFTM0\arduino_zero_native\Debug/core.a(wiring_analog.c.o)
 .comment       0x00000000       0x71 C:\Users\Александр\AppData\Local\Temp\VMBuilds\TestTFTM0\arduino_zero_native\Debug/core.a(wiring_digital.c.o)
 .comment       0x00000000       0x71 C:\Users\Александр\AppData\Local\Temp\VMBuilds\TestTFTM0\arduino_zero_native\Debug/core.a(wiring_private.c.o)
 .comment       0x00000000       0x71 C:\Users\Александр\AppData\Local\Temp\VMBuilds\TestTFTM0\arduino_zero_native\Debug/core.a(main.cpp.o)
 .comment       0x00000000       0x71 C:\Users\Александр\AppData\Local\Temp\VMBuilds\TestTFTM0\arduino_zero_native\Debug/core.a(Print.cpp.o)
 .comment       0x00000000       0x71 C:\Users\Александр\AppData\Local\Temp\VMBuilds\TestTFTM0\arduino_zero_native\Debug/core.a(Reset.cpp.o)
 .comment       0x00000000       0x71 C:\Users\Александр\AppData\Local\Temp\VMBuilds\TestTFTM0\arduino_zero_native\Debug/core.a(SERCOM.cpp.o)
 .comment       0x00000000       0x71 C:\Users\Александр\AppData\Local\Temp\VMBuilds\TestTFTM0\arduino_zero_native\Debug/core.a(Uart.cpp.o)
 .comment       0x00000000       0x71 C:\Users\Александр\AppData\Local\Temp\VMBuilds\TestTFTM0\arduino_zero_native\Debug/core.a(CDC.cpp.o)
 .comment       0x00000000       0x71 C:\Users\Александр\AppData\Local\Temp\VMBuilds\TestTFTM0\arduino_zero_native\Debug/core.a(USBCore.cpp.o)
 .comment       0x00000000       0x71 C:\Users\Александр\AppData\Local\Temp\VMBuilds\TestTFTM0\arduino_zero_native\Debug/core.a(new.cpp.o)
 .comment       0x00000000       0x71 C:\Users\Александр\AppData\Local\Temp\VMBuilds\TestTFTM0\arduino_zero_native\Debug/core.a(RingBuffer.cpp.o)
 .comment       0x00000000       0x71 C:\Users\Александр\AppData\Local\Temp\VMBuilds\TestTFTM0\arduino_zero_native\Debug/core.a(PluggableUSB.cpp.o)

.debug_info     0x00000000    0x27143
 .debug_info    0x00000000      0x4f4 C:\Users\Александр\AppData\Local\Temp\VMBuilds\TestTFTM0\arduino_zero_native\Debug\TestTFTM0.cpp.o
 .debug_info    0x000004f4     0x54e3 C:\Users\Александр\AppData\Local\Temp\VMBuilds\TestTFTM0\arduino_zero_native\Debug\variant\variant.cpp.o
 .debug_info    0x000059d7      0x4d6 C:\Users\Александр\AppData\Local\Temp\VMBuilds\TestTFTM0\arduino_zero_native\Debug/core.a(cortex_handlers.c.o)
 .debug_info    0x00005ead      0x362 C:\Users\Александр\AppData\Local\Temp\VMBuilds\TestTFTM0\arduino_zero_native\Debug/core.a(delay.c.o)
 .debug_info    0x0000620f       0x60 C:\Users\Александр\AppData\Local\Temp\VMBuilds\TestTFTM0\arduino_zero_native\Debug/core.a(hooks.c.o)
 .debug_info    0x0000626f     0x28ff C:\Users\Александр\AppData\Local\Temp\VMBuilds\TestTFTM0\arduino_zero_native\Debug/core.a(startup.c.o)
 .debug_info    0x00008b6e     0x1ddc C:\Users\Александр\AppData\Local\Temp\VMBuilds\TestTFTM0\arduino_zero_native\Debug/core.a(wiring.c.o)
 .debug_info    0x0000a94a     0x4399 C:\Users\Александр\AppData\Local\Temp\VMBuilds\TestTFTM0\arduino_zero_native\Debug/core.a(wiring_analog.c.o)
 .debug_info    0x0000ece3      0xb8f C:\Users\Александр\AppData\Local\Temp\VMBuilds\TestTFTM0\arduino_zero_native\Debug/core.a(wiring_digital.c.o)
 .debug_info    0x0000f872      0xb78 C:\Users\Александр\AppData\Local\Temp\VMBuilds\TestTFTM0\arduino_zero_native\Debug/core.a(wiring_private.c.o)
 .debug_info    0x000103ea      0x7a8 C:\Users\Александр\AppData\Local\Temp\VMBuilds\TestTFTM0\arduino_zero_native\Debug/core.a(main.cpp.o)
 .debug_info    0x00010b92     0x26ed C:\Users\Александр\AppData\Local\Temp\VMBuilds\TestTFTM0\arduino_zero_native\Debug/core.a(Print.cpp.o)
 .debug_info    0x0001327f      0x846 C:\Users\Александр\AppData\Local\Temp\VMBuilds\TestTFTM0\arduino_zero_native\Debug/core.a(Reset.cpp.o)
 .debug_info    0x00013ac5     0x3a05 C:\Users\Александр\AppData\Local\Temp\VMBuilds\TestTFTM0\arduino_zero_native\Debug/core.a(SERCOM.cpp.o)
 .debug_info    0x000174ca     0x4842 C:\Users\Александр\AppData\Local\Temp\VMBuilds\TestTFTM0\arduino_zero_native\Debug/core.a(Uart.cpp.o)
 .debug_info    0x0001bd0c     0x2bdb C:\Users\Александр\AppData\Local\Temp\VMBuilds\TestTFTM0\arduino_zero_native\Debug/core.a(CDC.cpp.o)
 .debug_info    0x0001e8e7     0x7b4f C:\Users\Александр\AppData\Local\Temp\VMBuilds\TestTFTM0\arduino_zero_native\Debug/core.a(USBCore.cpp.o)
 .debug_info    0x00026436      0x1a1 C:\Users\Александр\AppData\Local\Temp\VMBuilds\TestTFTM0\arduino_zero_native\Debug/core.a(new.cpp.o)
 .debug_info    0x000265d7      0x47c C:\Users\Александр\AppData\Local\Temp\VMBuilds\TestTFTM0\arduino_zero_native\Debug/core.a(RingBuffer.cpp.o)
 .debug_info    0x00026a53      0x6f0 C:\Users\Александр\AppData\Local\Temp\VMBuilds\TestTFTM0\arduino_zero_native\Debug/core.a(PluggableUSB.cpp.o)

.debug_abbrev   0x00000000     0x3ae8
 .debug_abbrev  0x00000000      0x20f C:\Users\Александр\AppData\Local\Temp\VMBuilds\TestTFTM0\arduino_zero_native\Debug\TestTFTM0.cpp.o
 .debug_abbrev  0x0000020f      0x32b C:\Users\Александр\AppData\Local\Temp\VMBuilds\TestTFTM0\arduino_zero_native\Debug\variant\variant.cpp.o
 .debug_abbrev  0x0000053a      0x159 C:\Users\Александр\AppData\Local\Temp\VMBuilds\TestTFTM0\arduino_zero_native\Debug/core.a(cortex_handlers.c.o)
 .debug_abbrev  0x00000693      0x158 C:\Users\Александр\AppData\Local\Temp\VMBuilds\TestTFTM0\arduino_zero_native\Debug/core.a(delay.c.o)
 .debug_abbrev  0x000007eb       0x47 C:\Users\Александр\AppData\Local\Temp\VMBuilds\TestTFTM0\arduino_zero_native\Debug/core.a(hooks.c.o)
 .debug_abbrev  0x00000832      0x17a C:\Users\Александр\AppData\Local\Temp\VMBuilds\TestTFTM0\arduino_zero_native\Debug/core.a(startup.c.o)
 .debug_abbrev  0x000009ac      0x281 C:\Users\Александр\AppData\Local\Temp\VMBuilds\TestTFTM0\arduino_zero_native\Debug/core.a(wiring.c.o)
 .debug_abbrev  0x00000c2d      0x38f C:\Users\Александр\AppData\Local\Temp\VMBuilds\TestTFTM0\arduino_zero_native\Debug/core.a(wiring_analog.c.o)
 .debug_abbrev  0x00000fbc      0x201 C:\Users\Александр\AppData\Local\Temp\VMBuilds\TestTFTM0\arduino_zero_native\Debug/core.a(wiring_digital.c.o)
 .debug_abbrev  0x000011bd      0x21b C:\Users\Александр\AppData\Local\Temp\VMBuilds\TestTFTM0\arduino_zero_native\Debug/core.a(wiring_private.c.o)
 .debug_abbrev  0x000013d8      0x216 C:\Users\Александр\AppData\Local\Temp\VMBuilds\TestTFTM0\arduino_zero_native\Debug/core.a(main.cpp.o)
 .debug_abbrev  0x000015ee      0x476 C:\Users\Александр\AppData\Local\Temp\VMBuilds\TestTFTM0\arduino_zero_native\Debug/core.a(Print.cpp.o)
 .debug_abbrev  0x00001a64      0x264 C:\Users\Александр\AppData\Local\Temp\VMBuilds\TestTFTM0\arduino_zero_native\Debug/core.a(Reset.cpp.o)
 .debug_abbrev  0x00001cc8      0x48d C:\Users\Александр\AppData\Local\Temp\VMBuilds\TestTFTM0\arduino_zero_native\Debug/core.a(SERCOM.cpp.o)
 .debug_abbrev  0x00002155      0x500 C:\Users\Александр\AppData\Local\Temp\VMBuilds\TestTFTM0\arduino_zero_native\Debug/core.a(Uart.cpp.o)
 .debug_abbrev  0x00002655      0x61c C:\Users\Александр\AppData\Local\Temp\VMBuilds\TestTFTM0\arduino_zero_native\Debug/core.a(CDC.cpp.o)
 .debug_abbrev  0x00002c71      0x8ba C:\Users\Александр\AppData\Local\Temp\VMBuilds\TestTFTM0\arduino_zero_native\Debug/core.a(USBCore.cpp.o)
 .debug_abbrev  0x0000352b       0xd7 C:\Users\Александр\AppData\Local\Temp\VMBuilds\TestTFTM0\arduino_zero_native\Debug/core.a(new.cpp.o)
 .debug_abbrev  0x00003602      0x1f5 C:\Users\Александр\AppData\Local\Temp\VMBuilds\TestTFTM0\arduino_zero_native\Debug/core.a(RingBuffer.cpp.o)
 .debug_abbrev  0x000037f7      0x2f1 C:\Users\Александр\AppData\Local\Temp\VMBuilds\TestTFTM0\arduino_zero_native\Debug/core.a(PluggableUSB.cpp.o)

.debug_loc      0x00000000     0x595a
 .debug_loc     0x00000000       0x22 C:\Users\Александр\AppData\Local\Temp\VMBuilds\TestTFTM0\arduino_zero_native\Debug\TestTFTM0.cpp.o
 .debug_loc     0x00000022       0x7b C:\Users\Александр\AppData\Local\Temp\VMBuilds\TestTFTM0\arduino_zero_native\Debug/core.a(cortex_handlers.c.o)
 .debug_loc     0x0000009d       0xf4 C:\Users\Александр\AppData\Local\Temp\VMBuilds\TestTFTM0\arduino_zero_native\Debug/core.a(delay.c.o)
 .debug_loc     0x00000191       0x58 C:\Users\Александр\AppData\Local\Temp\VMBuilds\TestTFTM0\arduino_zero_native\Debug/core.a(startup.c.o)
 .debug_loc     0x000001e9       0xe9 C:\Users\Александр\AppData\Local\Temp\VMBuilds\TestTFTM0\arduino_zero_native\Debug/core.a(wiring.c.o)
 .debug_loc     0x000002d2      0x635 C:\Users\Александр\AppData\Local\Temp\VMBuilds\TestTFTM0\arduino_zero_native\Debug/core.a(wiring_analog.c.o)
 .debug_loc     0x00000907      0x19f C:\Users\Александр\AppData\Local\Temp\VMBuilds\TestTFTM0\arduino_zero_native\Debug/core.a(wiring_digital.c.o)
 .debug_loc     0x00000aa6      0x123 C:\Users\Александр\AppData\Local\Temp\VMBuilds\TestTFTM0\arduino_zero_native\Debug/core.a(wiring_private.c.o)
 .debug_loc     0x00000bc9     0x115f C:\Users\Александр\AppData\Local\Temp\VMBuilds\TestTFTM0\arduino_zero_native\Debug/core.a(Print.cpp.o)
 .debug_loc     0x00001d28      0xa76 C:\Users\Александр\AppData\Local\Temp\VMBuilds\TestTFTM0\arduino_zero_native\Debug/core.a(SERCOM.cpp.o)
 .debug_loc     0x0000279e      0x42a C:\Users\Александр\AppData\Local\Temp\VMBuilds\TestTFTM0\arduino_zero_native\Debug/core.a(Uart.cpp.o)
 .debug_loc     0x00002bc8      0x544 C:\Users\Александр\AppData\Local\Temp\VMBuilds\TestTFTM0\arduino_zero_native\Debug/core.a(CDC.cpp.o)
 .debug_loc     0x0000310c     0x2399 C:\Users\Александр\AppData\Local\Temp\VMBuilds\TestTFTM0\arduino_zero_native\Debug/core.a(USBCore.cpp.o)
 .debug_loc     0x000054a5       0x84 C:\Users\Александр\AppData\Local\Temp\VMBuilds\TestTFTM0\arduino_zero_native\Debug/core.a(new.cpp.o)
 .debug_loc     0x00005529      0x1d9 C:\Users\Александр\AppData\Local\Temp\VMBuilds\TestTFTM0\arduino_zero_native\Debug/core.a(RingBuffer.cpp.o)
 .debug_loc     0x00005702      0x258 C:\Users\Александр\AppData\Local\Temp\VMBuilds\TestTFTM0\arduino_zero_native\Debug/core.a(PluggableUSB.cpp.o)

.debug_aranges  0x00000000      0x8a0
 .debug_aranges
                0x00000000       0x30 C:\Users\Александр\AppData\Local\Temp\VMBuilds\TestTFTM0\arduino_zero_native\Debug\TestTFTM0.cpp.o
 .debug_aranges
                0x00000030       0x30 C:\Users\Александр\AppData\Local\Temp\VMBuilds\TestTFTM0\arduino_zero_native\Debug\variant\variant.cpp.o
 .debug_aranges
                0x00000060       0x40 C:\Users\Александр\AppData\Local\Temp\VMBuilds\TestTFTM0\arduino_zero_native\Debug/core.a(cortex_handlers.c.o)
 .debug_aranges
                0x000000a0       0x38 C:\Users\Александр\AppData\Local\Temp\VMBuilds\TestTFTM0\arduino_zero_native\Debug/core.a(delay.c.o)
 .debug_aranges
                0x000000d8       0x30 C:\Users\Александр\AppData\Local\Temp\VMBuilds\TestTFTM0\arduino_zero_native\Debug/core.a(hooks.c.o)
 .debug_aranges
                0x00000108       0x20 C:\Users\Александр\AppData\Local\Temp\VMBuilds\TestTFTM0\arduino_zero_native\Debug/core.a(startup.c.o)
 .debug_aranges
                0x00000128       0x20 C:\Users\Александр\AppData\Local\Temp\VMBuilds\TestTFTM0\arduino_zero_native\Debug/core.a(wiring.c.o)
 .debug_aranges
                0x00000148       0x48 C:\Users\Александр\AppData\Local\Temp\VMBuilds\TestTFTM0\arduino_zero_native\Debug/core.a(wiring_analog.c.o)
 .debug_aranges
                0x00000190       0x30 C:\Users\Александр\AppData\Local\Temp\VMBuilds\TestTFTM0\arduino_zero_native\Debug/core.a(wiring_digital.c.o)
 .debug_aranges
                0x000001c0       0x20 C:\Users\Александр\AppData\Local\Temp\VMBuilds\TestTFTM0\arduino_zero_native\Debug/core.a(wiring_private.c.o)
 .debug_aranges
                0x000001e0       0x28 C:\Users\Александр\AppData\Local\Temp\VMBuilds\TestTFTM0\arduino_zero_native\Debug/core.a(main.cpp.o)
 .debug_aranges
                0x00000208       0xf8 C:\Users\Александр\AppData\Local\Temp\VMBuilds\TestTFTM0\arduino_zero_native\Debug/core.a(Print.cpp.o)
 .debug_aranges
                0x00000300       0x30 C:\Users\Александр\AppData\Local\Temp\VMBuilds\TestTFTM0\arduino_zero_native\Debug/core.a(Reset.cpp.o)
 .debug_aranges
                0x00000330      0x1c8 C:\Users\Александр\AppData\Local\Temp\VMBuilds\TestTFTM0\arduino_zero_native\Debug/core.a(SERCOM.cpp.o)
 .debug_aranges
                0x000004f8       0x90 C:\Users\Александр\AppData\Local\Temp\VMBuilds\TestTFTM0\arduino_zero_native\Debug/core.a(Uart.cpp.o)
 .debug_aranges
                0x00000588       0xd8 C:\Users\Александр\AppData\Local\Temp\VMBuilds\TestTFTM0\arduino_zero_native\Debug/core.a(CDC.cpp.o)
 .debug_aranges
                0x00000660      0x160 C:\Users\Александр\AppData\Local\Temp\VMBuilds\TestTFTM0\arduino_zero_native\Debug/core.a(USBCore.cpp.o)
 .debug_aranges
                0x000007c0       0x38 C:\Users\Александр\AppData\Local\Temp\VMBuilds\TestTFTM0\arduino_zero_native\Debug/core.a(new.cpp.o)
 .debug_aranges
                0x000007f8       0x58 C:\Users\Александр\AppData\Local\Temp\VMBuilds\TestTFTM0\arduino_zero_native\Debug/core.a(RingBuffer.cpp.o)
 .debug_aranges
                0x00000850       0x50 C:\Users\Александр\AppData\Local\Temp\VMBuilds\TestTFTM0\arduino_zero_native\Debug/core.a(PluggableUSB.cpp.o)

.debug_ranges   0x00000000     0x1198
 .debug_ranges  0x00000000       0x20 C:\Users\Александр\AppData\Local\Temp\VMBuilds\TestTFTM0\arduino_zero_native\Debug\TestTFTM0.cpp.o
 .debug_ranges  0x00000020       0x20 C:\Users\Александр\AppData\Local\Temp\VMBuilds\TestTFTM0\arduino_zero_native\Debug\variant\variant.cpp.o
 .debug_ranges  0x00000040       0x30 C:\Users\Александр\AppData\Local\Temp\VMBuilds\TestTFTM0\arduino_zero_native\Debug/core.a(cortex_handlers.c.o)
 .debug_ranges  0x00000070       0x28 C:\Users\Александр\AppData\Local\Temp\VMBuilds\TestTFTM0\arduino_zero_native\Debug/core.a(delay.c.o)
 .debug_ranges  0x00000098       0x20 C:\Users\Александр\AppData\Local\Temp\VMBuilds\TestTFTM0\arduino_zero_native\Debug/core.a(hooks.c.o)
 .debug_ranges  0x000000b8       0x10 C:\Users\Александр\AppData\Local\Temp\VMBuilds\TestTFTM0\arduino_zero_native\Debug/core.a(startup.c.o)
 .debug_ranges  0x000000c8       0x28 C:\Users\Александр\AppData\Local\Temp\VMBuilds\TestTFTM0\arduino_zero_native\Debug/core.a(wiring.c.o)
 .debug_ranges  0x000000f0       0x38 C:\Users\Александр\AppData\Local\Temp\VMBuilds\TestTFTM0\arduino_zero_native\Debug/core.a(wiring_analog.c.o)
 .debug_ranges  0x00000128       0x20 C:\Users\Александр\AppData\Local\Temp\VMBuilds\TestTFTM0\arduino_zero_native\Debug/core.a(wiring_digital.c.o)
 .debug_ranges  0x00000148       0x28 C:\Users\Александр\AppData\Local\Temp\VMBuilds\TestTFTM0\arduino_zero_native\Debug/core.a(wiring_private.c.o)
 .debug_ranges  0x00000170       0x18 C:\Users\Александр\AppData\Local\Temp\VMBuilds\TestTFTM0\arduino_zero_native\Debug/core.a(main.cpp.o)
 .debug_ranges  0x00000188      0x280 C:\Users\Александр\AppData\Local\Temp\VMBuilds\TestTFTM0\arduino_zero_native\Debug/core.a(Print.cpp.o)
 .debug_ranges  0x00000408       0x38 C:\Users\Александр\AppData\Local\Temp\VMBuilds\TestTFTM0\arduino_zero_native\Debug/core.a(Reset.cpp.o)
 .debug_ranges  0x00000440      0x288 C:\Users\Александр\AppData\Local\Temp\VMBuilds\TestTFTM0\arduino_zero_native\Debug/core.a(SERCOM.cpp.o)
 .debug_ranges  0x000006c8       0x80 C:\Users\Александр\AppData\Local\Temp\VMBuilds\TestTFTM0\arduino_zero_native\Debug/core.a(Uart.cpp.o)
 .debug_ranges  0x00000748      0x120 C:\Users\Александр\AppData\Local\Temp\VMBuilds\TestTFTM0\arduino_zero_native\Debug/core.a(CDC.cpp.o)
 .debug_ranges  0x00000868      0x7c0 C:\Users\Александр\AppData\Local\Temp\VMBuilds\TestTFTM0\arduino_zero_native\Debug/core.a(USBCore.cpp.o)
 .debug_ranges  0x00001028       0x28 C:\Users\Александр\AppData\Local\Temp\VMBuilds\TestTFTM0\arduino_zero_native\Debug/core.a(new.cpp.o)
 .debug_ranges  0x00001050       0x78 C:\Users\Александр\AppData\Local\Temp\VMBuilds\TestTFTM0\arduino_zero_native\Debug/core.a(RingBuffer.cpp.o)
 .debug_ranges  0x000010c8       0xd0 C:\Users\Александр\AppData\Local\Temp\VMBuilds\TestTFTM0\arduino_zero_native\Debug/core.a(PluggableUSB.cpp.o)

.debug_line     0x00000000     0x5b68
 .debug_line    0x00000000      0x403 C:\Users\Александр\AppData\Local\Temp\VMBuilds\TestTFTM0\arduino_zero_native\Debug\TestTFTM0.cpp.o
 .debug_line    0x00000403      0x325 C:\Users\Александр\AppData\Local\Temp\VMBuilds\TestTFTM0\arduino_zero_native\Debug\variant\variant.cpp.o
 .debug_line    0x00000728      0x332 C:\Users\Александр\AppData\Local\Temp\VMBuilds\TestTFTM0\arduino_zero_native\Debug/core.a(cortex_handlers.c.o)
 .debug_line    0x00000a5a      0x329 C:\Users\Александр\AppData\Local\Temp\VMBuilds\TestTFTM0\arduino_zero_native\Debug/core.a(delay.c.o)
 .debug_line    0x00000d83       0xb6 C:\Users\Александр\AppData\Local\Temp\VMBuilds\TestTFTM0\arduino_zero_native\Debug/core.a(hooks.c.o)
 .debug_line    0x00000e39      0x3fb C:\Users\Александр\AppData\Local\Temp\VMBuilds\TestTFTM0\arduino_zero_native\Debug/core.a(startup.c.o)
 .debug_line    0x00001234      0x43d C:\Users\Александр\AppData\Local\Temp\VMBuilds\TestTFTM0\arduino_zero_native\Debug/core.a(wiring.c.o)
 .debug_line    0x00001671      0x533 C:\Users\Александр\AppData\Local\Temp\VMBuilds\TestTFTM0\arduino_zero_native\Debug/core.a(wiring_analog.c.o)
 .debug_line    0x00001ba4      0x392 C:\Users\Александр\AppData\Local\Temp\VMBuilds\TestTFTM0\arduino_zero_native\Debug/core.a(wiring_digital.c.o)
 .debug_line    0x00001f36      0x395 C:\Users\Александр\AppData\Local\Temp\VMBuilds\TestTFTM0\arduino_zero_native\Debug/core.a(wiring_private.c.o)
 .debug_line    0x000022cb      0x2f3 C:\Users\Александр\AppData\Local\Temp\VMBuilds\TestTFTM0\arduino_zero_native\Debug/core.a(main.cpp.o)
 .debug_line    0x000025be      0x67e C:\Users\Александр\AppData\Local\Temp\VMBuilds\TestTFTM0\arduino_zero_native\Debug/core.a(Print.cpp.o)
 .debug_line    0x00002c3c      0x39e C:\Users\Александр\AppData\Local\Temp\VMBuilds\TestTFTM0\arduino_zero_native\Debug/core.a(Reset.cpp.o)
 .debug_line    0x00002fda      0x98d C:\Users\Александр\AppData\Local\Temp\VMBuilds\TestTFTM0\arduino_zero_native\Debug/core.a(SERCOM.cpp.o)
 .debug_line    0x00003967      0x586 C:\Users\Александр\AppData\Local\Temp\VMBuilds\TestTFTM0\arduino_zero_native\Debug/core.a(Uart.cpp.o)
 .debug_line    0x00003eed      0x652 C:\Users\Александр\AppData\Local\Temp\VMBuilds\TestTFTM0\arduino_zero_native\Debug/core.a(CDC.cpp.o)
 .debug_line    0x0000453f      0xec6 C:\Users\Александр\AppData\Local\Temp\VMBuilds\TestTFTM0\arduino_zero_native\Debug/core.a(USBCore.cpp.o)
 .debug_line    0x00005405      0x1df C:\Users\Александр\AppData\Local\Temp\VMBuilds\TestTFTM0\arduino_zero_native\Debug/core.a(new.cpp.o)
 .debug_line    0x000055e4      0x267 C:\Users\Александр\AppData\Local\Temp\VMBuilds\TestTFTM0\arduino_zero_native\Debug/core.a(RingBuffer.cpp.o)
 .debug_line    0x0000584b      0x31d C:\Users\Александр\AppData\Local\Temp\VMBuilds\TestTFTM0\arduino_zero_native\Debug/core.a(PluggableUSB.cpp.o)

.debug_str      0x00000000     0x8641
 .debug_str     0x00000000      0x363 C:\Users\Александр\AppData\Local\Temp\VMBuilds\TestTFTM0\arduino_zero_native\Debug\TestTFTM0.cpp.o
                                0x3bf (size before relaxing)
 .debug_str     0x00000363     0x2356 C:\Users\Александр\AppData\Local\Temp\VMBuilds\TestTFTM0\arduino_zero_native\Debug\variant\variant.cpp.o
                               0x2ea6 (size before relaxing)
 .debug_str     0x000026b9      0x4c5 C:\Users\Александр\AppData\Local\Temp\VMBuilds\TestTFTM0\arduino_zero_native\Debug/core.a(cortex_handlers.c.o)
                                0x5f2 (size before relaxing)
 .debug_str     0x00002b7e       0xee C:\Users\Александр\AppData\Local\Temp\VMBuilds\TestTFTM0\arduino_zero_native\Debug/core.a(delay.c.o)
                                0x2cb (size before relaxing)
 .debug_str     0x00002c6c       0x7e C:\Users\Александр\AppData\Local\Temp\VMBuilds\TestTFTM0\arduino_zero_native\Debug/core.a(hooks.c.o)
                                0x13d (size before relaxing)
 .debug_str     0x00002cea      0x87f C:\Users\Александр\AppData\Local\Temp\VMBuilds\TestTFTM0\arduino_zero_native\Debug/core.a(startup.c.o)
                                0xd3f (size before relaxing)
 .debug_str     0x00003569      0x382 C:\Users\Александр\AppData\Local\Temp\VMBuilds\TestTFTM0\arduino_zero_native\Debug/core.a(wiring.c.o)
                                0xbee (size before relaxing)
 .debug_str     0x000038eb      0x17c C:\Users\Александр\AppData\Local\Temp\VMBuilds\TestTFTM0\arduino_zero_native\Debug/core.a(wiring_analog.c.o)
                               0x15da (size before relaxing)
 .debug_str     0x00003a67      0x116 C:\Users\Александр\AppData\Local\Temp\VMBuilds\TestTFTM0\arduino_zero_native\Debug/core.a(wiring_digital.c.o)
                                0x979 (size before relaxing)
 .debug_str     0x00003b7d       0x82 C:\Users\Александр\AppData\Local\Temp\VMBuilds\TestTFTM0\arduino_zero_native\Debug/core.a(wiring_private.c.o)
                                0x980 (size before relaxing)
 .debug_str     0x00003bff      0x6bb C:\Users\Александр\AppData\Local\Temp\VMBuilds\TestTFTM0\arduino_zero_native\Debug/core.a(main.cpp.o)
                                0x944 (size before relaxing)
 .debug_str     0x000042ba      0xcbf C:\Users\Александр\AppData\Local\Temp\VMBuilds\TestTFTM0\arduino_zero_native\Debug/core.a(Print.cpp.o)
                                0xfc7 (size before relaxing)
 .debug_str     0x00004f79      0x1bd C:\Users\Александр\AppData\Local\Temp\VMBuilds\TestTFTM0\arduino_zero_native\Debug/core.a(Reset.cpp.o)
                                0x5c7 (size before relaxing)
 .debug_str     0x00005136      0x241 C:\Users\Александр\AppData\Local\Temp\VMBuilds\TestTFTM0\arduino_zero_native\Debug/core.a(SERCOM.cpp.o)
                               0x21f5 (size before relaxing)
 .debug_str     0x00005377      0x700 C:\Users\Александр\AppData\Local\Temp\VMBuilds\TestTFTM0\arduino_zero_native\Debug/core.a(Uart.cpp.o)
                               0x3351 (size before relaxing)
 .debug_str     0x00005a77      0x57a C:\Users\Александр\AppData\Local\Temp\VMBuilds\TestTFTM0\arduino_zero_native\Debug/core.a(CDC.cpp.o)
                               0x1e24 (size before relaxing)
 .debug_str     0x00005ff1     0x2480 C:\Users\Александр\AppData\Local\Temp\VMBuilds\TestTFTM0\arduino_zero_native\Debug/core.a(USBCore.cpp.o)
                               0x3b0a (size before relaxing)
 .debug_str     0x00008471       0xb3 C:\Users\Александр\AppData\Local\Temp\VMBuilds\TestTFTM0\arduino_zero_native\Debug/core.a(new.cpp.o)
                                0x27e (size before relaxing)
 .debug_str     0x00008524       0x82 C:\Users\Александр\AppData\Local\Temp\VMBuilds\TestTFTM0\arduino_zero_native\Debug/core.a(RingBuffer.cpp.o)
                                0x389 (size before relaxing)
 .debug_str     0x000085a6       0x9b C:\Users\Александр\AppData\Local\Temp\VMBuilds\TestTFTM0\arduino_zero_native\Debug/core.a(PluggableUSB.cpp.o)
                                0x5e1 (size before relaxing)

.debug_frame    0x00000000     0x1650
 .debug_frame   0x00000000       0x60 C:\Users\Александр\AppData\Local\Temp\VMBuilds\TestTFTM0\arduino_zero_native\Debug\TestTFTM0.cpp.o
 .debug_frame   0x00000060       0x64 C:\Users\Александр\AppData\Local\Temp\VMBuilds\TestTFTM0\arduino_zero_native\Debug\variant\variant.cpp.o
 .debug_frame   0x000000c4       0x7c C:\Users\Александр\AppData\Local\Temp\VMBuilds\TestTFTM0\arduino_zero_native\Debug/core.a(cortex_handlers.c.o)
 .debug_frame   0x00000140       0x78 C:\Users\Александр\AppData\Local\Temp\VMBuilds\TestTFTM0\arduino_zero_native\Debug/core.a(delay.c.o)
 .debug_frame   0x000001b8       0x40 C:\Users\Александр\AppData\Local\Temp\VMBuilds\TestTFTM0\arduino_zero_native\Debug/core.a(hooks.c.o)
 .debug_frame   0x000001f8       0x2c C:\Users\Александр\AppData\Local\Temp\VMBuilds\TestTFTM0\arduino_zero_native\Debug/core.a(startup.c.o)
 .debug_frame   0x00000224       0x28 C:\Users\Александр\AppData\Local\Temp\VMBuilds\TestTFTM0\arduino_zero_native\Debug/core.a(wiring.c.o)
 .debug_frame   0x0000024c       0x90 C:\Users\Александр\AppData\Local\Temp\VMBuilds\TestTFTM0\arduino_zero_native\Debug/core.a(wiring_analog.c.o)
 .debug_frame   0x000002dc       0x58 C:\Users\Александр\AppData\Local\Temp\VMBuilds\TestTFTM0\arduino_zero_native\Debug/core.a(wiring_digital.c.o)
 .debug_frame   0x00000334       0x30 C:\Users\Александр\AppData\Local\Temp\VMBuilds\TestTFTM0\arduino_zero_native\Debug/core.a(wiring_private.c.o)
 .debug_frame   0x00000364       0x38 C:\Users\Александр\AppData\Local\Temp\VMBuilds\TestTFTM0\arduino_zero_native\Debug/core.a(main.cpp.o)
 .debug_frame   0x0000039c      0x310 C:\Users\Александр\AppData\Local\Temp\VMBuilds\TestTFTM0\arduino_zero_native\Debug/core.a(Print.cpp.o)
 .debug_frame   0x000006ac       0x40 C:\Users\Александр\AppData\Local\Temp\VMBuilds\TestTFTM0\arduino_zero_native\Debug/core.a(Reset.cpp.o)
 .debug_frame   0x000006ec      0x428 C:\Users\Александр\AppData\Local\Temp\VMBuilds\TestTFTM0\arduino_zero_native\Debug/core.a(SERCOM.cpp.o)
 .debug_frame   0x00000b14      0x16c C:\Users\Александр\AppData\Local\Temp\VMBuilds\TestTFTM0\arduino_zero_native\Debug/core.a(Uart.cpp.o)
 .debug_frame   0x00000c80      0x1f4 C:\Users\Александр\AppData\Local\Temp\VMBuilds\TestTFTM0\arduino_zero_native\Debug/core.a(CDC.cpp.o)
 .debug_frame   0x00000e74      0x42c C:\Users\Александр\AppData\Local\Temp\VMBuilds\TestTFTM0\arduino_zero_native\Debug/core.a(USBCore.cpp.o)
 .debug_frame   0x000012a0       0x70 C:\Users\Александр\AppData\Local\Temp\VMBuilds\TestTFTM0\arduino_zero_native\Debug/core.a(new.cpp.o)
 .debug_frame   0x00001310       0xa0 C:\Users\Александр\AppData\Local\Temp\VMBuilds\TestTFTM0\arduino_zero_native\Debug/core.a(RingBuffer.cpp.o)
 .debug_frame   0x000013b0       0xc4 C:\Users\Александр\AppData\Local\Temp\VMBuilds\TestTFTM0\arduino_zero_native\Debug/core.a(PluggableUSB.cpp.o)
 .debug_frame   0x00001474       0x20 c:/users/александр/appdata/local/arduino15/packages/arduino/tools/arm-none-eabi-gcc/4.8.3-2014q1/bin/../lib/gcc/arm-none-eabi/4.8.3/armv6-m\libgcc.a(_udivsi3.o)
 .debug_frame   0x00001494       0x2c c:/users/александр/appdata/local/arduino15/packages/arduino/tools/arm-none-eabi-gcc/4.8.3-2014q1/bin/../lib/gcc/arm-none-eabi/4.8.3/../../../../arm-none-eabi/lib/armv6-m\libc_s.a(lib_a-init.o)
 .debug_frame   0x000014c0       0x40 c:/users/александр/appdata/local/arduino15/packages/arduino/tools/arm-none-eabi-gcc/4.8.3-2014q1/bin/../lib/gcc/arm-none-eabi/4.8.3/../../../../arm-none-eabi/lib/armv6-m\libc_s.a(lib_a-malloc.o)
 .debug_frame   0x00001500       0x28 c:/users/александр/appdata/local/arduino15/packages/arduino/tools/arm-none-eabi-gcc/4.8.3-2014q1/bin/../lib/gcc/arm-none-eabi/4.8.3/../../../../arm-none-eabi/lib/armv6-m\libc_s.a(lib_a-memcpy-stub.o)
 .debug_frame   0x00001528       0x20 c:/users/александр/appdata/local/arduino15/packages/arduino/tools/arm-none-eabi-gcc/4.8.3-2014q1/bin/../lib/gcc/arm-none-eabi/4.8.3/../../../../arm-none-eabi/lib/armv6-m\libc_s.a(lib_a-memset.o)
 .debug_frame   0x00001548       0x2c c:/users/александр/appdata/local/arduino15/packages/arduino/tools/arm-none-eabi-gcc/4.8.3-2014q1/bin/../lib/gcc/arm-none-eabi/4.8.3/../../../../arm-none-eabi/lib/armv6-m\libc_s.a(lib_a-nano-mallocr.o)
 .debug_frame   0x00001574       0x2c c:/users/александр/appdata/local/arduino15/packages/arduino/tools/arm-none-eabi-gcc/4.8.3-2014q1/bin/../lib/gcc/arm-none-eabi/4.8.3/../../../../arm-none-eabi/lib/armv6-m\libc_s.a(lib_a-sbrkr.o)
 .debug_frame   0x000015a0       0x20 c:/users/александр/appdata/local/arduino15/packages/arduino/tools/arm-none-eabi-gcc/4.8.3-2014q1/bin/../lib/gcc/arm-none-eabi/4.8.3/../../../../arm-none-eabi/lib/armv6-m\libc_s.a(lib_a-strlen.o)
 .debug_frame   0x000015c0       0x28 c:/users/александр/appdata/local/arduino15/packages/arduino/tools/arm-none-eabi-gcc/4.8.3-2014q1/bin/../lib/gcc/arm-none-eabi/4.8.3/../../../../arm-none-eabi/lib/armv6-m\libc_s.a(lib_a-syssbrk.o)